Archive member included to satisfy reference by file (symbol)

c:/program files/microchip/xc8/v2.32/avr/bin/../lib/gcc/avr/5.4.0/../../../../avr/lib/avr5/memx-const\libm.a(addsf3.o)
                              build/default/production/mUART.o (__subsf3)
c:/program files/microchip/xc8/v2.32/avr/bin/../lib/gcc/avr/5.4.0/../../../../avr/lib/avr5/memx-const\libm.a(addsf3x.o)
                              c:/program files/microchip/xc8/v2.32/avr/bin/../lib/gcc/avr/5.4.0/../../../../avr/lib/avr5/memx-const\libm.a(addsf3.o) (__addsf3x)
c:/program files/microchip/xc8/v2.32/avr/bin/../lib/gcc/avr/5.4.0/../../../../avr/lib/avr5/memx-const\libm.a(fixsfsi.o)
                              build/default/production/main.o (__fixsfsi)
c:/program files/microchip/xc8/v2.32/avr/bin/../lib/gcc/avr/5.4.0/../../../../avr/lib/avr5/memx-const\libm.a(fixunssfsi.o)
                              c:/program files/microchip/xc8/v2.32/avr/bin/../lib/gcc/avr/5.4.0/../../../../avr/lib/avr5/memx-const\libm.a(fixsfsi.o) (__fixunssfsi)
c:/program files/microchip/xc8/v2.32/avr/bin/../lib/gcc/avr/5.4.0/../../../../avr/lib/avr5/memx-const\libm.a(floatsisf.o)
                              build/default/production/mUART.o (__floatunsisf)
c:/program files/microchip/xc8/v2.32/avr/bin/../lib/gcc/avr/5.4.0/../../../../avr/lib/avr5/memx-const\libm.a(fp_inf.o)
                              c:/program files/microchip/xc8/v2.32/avr/bin/../lib/gcc/avr/5.4.0/../../../../avr/lib/avr5/memx-const\libm.a(addsf3x.o) (__fp_inf)
c:/program files/microchip/xc8/v2.32/avr/bin/../lib/gcc/avr/5.4.0/../../../../avr/lib/avr5/memx-const\libm.a(fp_nan.o)
                              c:/program files/microchip/xc8/v2.32/avr/bin/../lib/gcc/avr/5.4.0/../../../../avr/lib/avr5/memx-const\libm.a(addsf3x.o) (__fp_nan)
c:/program files/microchip/xc8/v2.32/avr/bin/../lib/gcc/avr/5.4.0/../../../../avr/lib/avr5/memx-const\libm.a(fp_pscA.o)
                              c:/program files/microchip/xc8/v2.32/avr/bin/../lib/gcc/avr/5.4.0/../../../../avr/lib/avr5/memx-const\libm.a(addsf3x.o) (__fp_pscA)
c:/program files/microchip/xc8/v2.32/avr/bin/../lib/gcc/avr/5.4.0/../../../../avr/lib/avr5/memx-const\libm.a(fp_pscB.o)
                              c:/program files/microchip/xc8/v2.32/avr/bin/../lib/gcc/avr/5.4.0/../../../../avr/lib/avr5/memx-const\libm.a(addsf3x.o) (__fp_pscB)
c:/program files/microchip/xc8/v2.32/avr/bin/../lib/gcc/avr/5.4.0/../../../../avr/lib/avr5/memx-const\libm.a(fp_round.o)
                              c:/program files/microchip/xc8/v2.32/avr/bin/../lib/gcc/avr/5.4.0/../../../../avr/lib/avr5/memx-const\libm.a(addsf3.o) (__fp_round)
c:/program files/microchip/xc8/v2.32/avr/bin/../lib/gcc/avr/5.4.0/../../../../avr/lib/avr5/memx-const\libm.a(fp_split3.o)
                              c:/program files/microchip/xc8/v2.32/avr/bin/../lib/gcc/avr/5.4.0/../../../../avr/lib/avr5/memx-const\libm.a(addsf3x.o) (__fp_split3)
c:/program files/microchip/xc8/v2.32/avr/bin/../lib/gcc/avr/5.4.0/../../../../avr/lib/avr5/memx-const\libm.a(fp_zero.o)
                              c:/program files/microchip/xc8/v2.32/avr/bin/../lib/gcc/avr/5.4.0/../../../../avr/lib/avr5/memx-const\libm.a(addsf3x.o) (__fp_zero)
c:/program files/microchip/xc8/v2.32/avr/bin/../lib/gcc/avr/5.4.0/../../../../avr/lib/avr5/memx-const\libm.a(mulsf3.o)
                              build/default/production/main.o (__mulsf3)
c:/program files/microchip/xc8/v2.32/avr/bin/../lib/gcc/avr/5.4.0/../../../../avr/lib/avr5/memx-const\libm.a(mulsf3x.o)
                              c:/program files/microchip/xc8/v2.32/avr/bin/../lib/gcc/avr/5.4.0/../../../../avr/lib/avr5/memx-const\libm.a(mulsf3.o) (__mulsf3x)
c:/program files/microchip/xc8/v2.32/avr/bin/../lib/gcc/avr/5.4.0/avr5/memx-const\libgcc.a(_udivmodhi4.o)
                              build/default/production/RTOS/heap_4.o (__udivmodhi4)
c:/program files/microchip/xc8/v2.32/avr/bin/../lib/gcc/avr/5.4.0/avr5/memx-const\libgcc.a(_udivmodsi4.o)
                              build/default/production/mUART.o (__udivmodsi4)
c:/program files/microchip/xc8/v2.32/avr/bin/../lib/gcc/avr/5.4.0/avr5/memx-const\libgcc.a(_exit.o)
                              C:/Program Files/Microchip/MPLABX/v5.50/packs/Microchip/ATmega_DFP/2.3.126/xc8/avr/lib/avr5/memx-const/crtatmega32a.o (exit)
c:/program files/microchip/xc8/v2.32/avr/bin/../lib/gcc/avr/5.4.0/avr5/memx-const\libgcc.a(_copy_data.o)
                              build/default/production/main.o (__do_copy_data)
c:/program files/microchip/xc8/v2.32/avr/bin/../lib/gcc/avr/5.4.0/avr5/memx-const\libgcc.a(_xload_2.o)
                              build/default/production/RTOS/event_groups.o (__xload_2)
c:/program files/microchip/xc8/v2.32/avr/bin/../lib/gcc/avr/5.4.0/../../../../avr/lib/avr5/memx-const\libc.a(memcpy_M.o)
                              build/default/production/RTOS/queue.o (memcpy)
c:/program files/microchip/xc8/v2.32/avr/bin/../lib/gcc/avr/5.4.0/../../../../avr/lib/avr5/memx-const\libc.a(strlen_M.o)
[...]
Memory Configuration

Name             Origin             Length             Attributes
text             0x0000000000000000 0x0000000000008000 xr
data             0x0000000000800060 0x0000000000000800 rw !x
eeprom           0x0000000000810000 0x0000000000000400 rw !x
fuse             0x0000000000820000 0x0000000000000002 rw !x
lock             0x0000000000830000 0x0000000000000400 rw !x
signature        0x0000000000840000 0x0000000000000400 rw !x
user_signatures  0x0000000000850000 0x0000000000000400 rw !x
*default*        0x0000000000000000 0xffffffffffffffff

Linker script and memory map

LOAD C:/Program Files/Microchip/MPLABX/v5.50/packs/Microchip/ATmega_DFP/2.3.126/xc8/avr/lib/avr5/memx-const/crtatmega32a.o
                0x0000000000000001                __MPLAB_BUILD = 0x1
LOAD build/default/production/main.o
LOAD build/default/production/mDIO.o
LOAD build/default/production/mLEDS.o
LOAD build/default/production/mBUZZ.o
LOAD build/default/production/mRELAY.o
LOAD build/default/production/mBUTTON.o
LOAD build/default/production/mKeypad.o
LOAD build/default/production/m7SEG.o
LOAD build/default/production/mLCD8.o
LOAD build/default/production/mLCD.o
LOAD build/default/production/mINT.o
LOAD build/default/production/mADC.o
LOAD build/default/production/mTimer.o
LOAD build/default/production/mUART.o
LOAD build/default/production/mSPI.o
LOAD build/default/production/EEPROM_25LC010A.o
LOAD build/default/production/mTWI.o
LOAD build/default/production/EEPROM_24C16_I2C.o
LOAD build/default/production/RTOS/croutine.o
LOAD build/default/production/RTOS/event_groups.o
LOAD build/default/production/RTOS/heap_4.o
LOAD build/default/production/RTOS/list.o
LOAD build/default/production/RTOS/port.o
LOAD build/default/production/RTOS/queue.o
LOAD build/default/production/RTOS/stream_buffer.o
LOAD build/default/production/RTOS/tasks.o
LOAD build/default/production/RTOS/timers.o
LOAD build/default/production/mEEPROM.o
START GROUP
LOAD c:/program files/microchip/xc8/v2.32/avr/bin/../lib/gcc/avr/5.4.0/../../../../avr/lib/avr5/memx-const\libm.a
END GROUP
START GROUP
LOAD c:/program files/microchip/xc8/v2.32/avr/bin/../lib/gcc/avr/5.4.0/avr5/memx-const\libgcc.a
LOAD c:/program files/microchip/xc8/v2.32/avr/bin/../lib/gcc/avr/5.4.0/../../../../avr/lib/avr5/memx-const\libm.a
LOAD c:/program files/microchip/xc8/v2.32/avr/bin/../lib/gcc/avr/5.4.0/../../../../avr/lib/avr5/memx-const\libc.a
LOAD C:/Program Files/Microchip/MPLABX/v5.50/packs/Microchip/ATmega_DFP/2.3.126/xc8/avr/lib/avr5/memx-const\libatmega32a.a
END GROUP
                [0x0000000000000000]                __TEXT_REGION_ORIGIN__ = DEFINED (__TEXT_REGION_ORIGIN__)?__TEXT_REGION_ORIGIN__:0x0
                [0x0000000000800060]                __DATA_REGION_ORIGIN__ = DEFINED (__DATA_REGION_ORIGIN__)?__DATA_REGION_ORIGIN__:0x800060
                [0x0000000000008000]                __TEXT_REGION_LENGTH__ = DEFINED (__TEXT_REGION_LENGTH__)?__TEXT_REGION_LENGTH__:0x20000
                [0x0000000000000800]                __DATA_REGION_LENGTH__ = DEFINED (__DATA_REGION_LENGTH__)?__DATA_REGION_LENGTH__:0xffa0
                [0x0000000000000400]                __EEPROM_REGION_LENGTH__ = DEFINED (__EEPROM_REGION_LENGTH__)?__EEPROM_REGION_LENGTH__:0x10000
                [0x0000000000000002]                __FUSE_REGION_LENGTH__ = DEFINED (__FUSE_REGION_LENGTH__)?__FUSE_REGION_LENGTH__:0x400
                0x0000000000000400                __LOCK_REGION_LENGTH__ = DEFINED (__LOCK_REGION_LENGTH__)?__LOCK_REGION_LENGTH__:0x400
                0x0000000000000400                __SIGNATURE_REGION_LENGTH__ = DEFINED (__SIGNATURE_REGION_LENGTH__)?__SIGNATURE_REGION_LENGTH__:0x400
                0x0000000000000400                __USER_SIGNATURE_REGION_LENGTH__ = DEFINED (__USER_SIGNATURE_REGION_LENGTH__)?__USER_SIGNATURE_REGION_LENGTH__:0x400

.hash
 *(.hash)

.dynsym
 *(.dynsym)

.dynstr
 *(.dynstr)

.gnu.version
 *(.gnu.version)

.gnu.version_d
 *(.gnu.version_d)

.gnu.version_r
 *(.gnu.version_r)

.rel.init
 *(.rel.init)

.rela.init
 *(.rela.init)

.rel.text
 *(.rel.text)
 *(.rel.text.*)
 *(.rel.gnu.linkonce.t*)

.rela.text
 *(.rela.text)
 *(.rela.text.*)
 *(.rela.gnu.linkonce.t*)

.rel.fini
 *(.rel.fini)

.rela.fini
 *(.rela.fini)

.rel.rodata
 *(.rel.rodata)
 *(.rel.rodata.*)
 *(.rel.gnu.linkonce.r*)

.rela.rodata
 *(.rela.rodata)
 *(.rela.rodata.*)
 *(.rela.gnu.linkonce.r*)

.rel.data
 *(.rel.data)
 *(.rel.data.*)
 *(.rel.gnu.linkonce.d*)

.rela.data
 *(.rela.data)
 *(.rela.data.*)
 *(.rela.gnu.linkonce.d*)

.rel.ctors
 *(.rel.ctors)

.rela.ctors
 *(.rela.ctors)

.rel.dtors
 *(.rel.dtors)

.rela.dtors
 *(.rela.dtors)

.rel.got
 *(.rel.got)

.rela.got
 *(.rela.got)

.rel.bss
 *(.rel.bss)

.rela.bss
 *(.rela.bss)

.rel.plt
 *(.rel.plt)

.rela.plt
 *(.rela.plt)

.text           0x0000000000000000       0xba
 *(.vectors)
 .vectors       0x0000000000000000       0x54 C:/Program Files/Microchip/MPLABX/v5.50/packs/Microchip/ATmega_DFP/2.3.126/xc8/avr/lib/avr5/memx-const/crtatmega32a.o
                0x0000000000000000                __vector_default
                0x0000000000000000                __vectors
 *(.vectors)
 *(.progmem.gcc*)
 *(.dinit)
 .dinit         0x0000000000000054       0x11 data_init
                0x0000000000000066                . = ALIGN (0x2)
 *fill*         0x0000000000000065        0x1 
                0x0000000000000066                __trampolines_start = .
 *(.trampolines)
 .trampolines   0x0000000000000066        0x0 linker stubs
 *(.trampolines*)
                0x0000000000000066                __trampolines_end = .
 *libprintf_flt.a:*(.progmem.data)
 *libc.a:*(.progmem.data)
                0x0000000000000066                . = ALIGN (0x2)
 *(.jumptables)
 *(.jumptables*)
 *(.lowtext)
 *(.lowtext*)
                0x0000000000000066                __ctors_start = .
 *(.ctors)
                0x0000000000000066                __ctors_end = .
                0x0000000000000066                __dtors_start = .
 *(.dtors)
                0x0000000000000066                __dtors_end = .
 SORT(*)(.ctors)
 SORT(*)(.dtors)
 *(.init0)
 .init0         0x0000000000000066        0x0 C:/Program Files/Microchip/MPLABX/v5.50/packs/Microchip/ATmega_DFP/2.3.126/xc8/avr/lib/avr5/memx-const/crtatmega32a.o
                0x0000000000000066                __init
 *(.init0)
 *(.init1)
 *(.init1)
 *(.init2)
 .init2         0x0000000000000066        0xc C:/Program Files/Microchip/MPLABX/v5.50/packs/Microchip/ATmega_DFP/2.3.126/xc8/avr/lib/avr5/memx-const/crtatmega32a.o
 *(.init2)
 *(.init3)
 *(.init3)
 *(.init4)
 .init4         0x0000000000000072       0x3c c:/program files/microchip/xc8/v2.32/avr/bin/../lib/gcc/avr/5.4.0/avr5/memx-const\libgcc.a(_copy_data.o)
                0x0000000000000072                __do_copy_data
                0x00000000000000a0                __do_clear_bss
 *(.init4)
 *(.init5)
 *(.init5)
 *(.init6)
 *(.init6)
 *(.init7)
 *(.init7)
 *(.init8)
 *(.init8)
 *(.init9)
 .init9         0x00000000000000ae        0x8 C:/Program Files/Microchip/MPLABX/v5.50/packs/Microchip/ATmega_DFP/2.3.126/xc8/avr/lib/avr5/memx-const/crtatmega32a.o
 *(.init9)
                0x00000000000000b6                . = ALIGN (0x2)
 *(.fini9)
 .fini9         0x00000000000000b6        0x0 c:/program files/microchip/xc8/v2.32/avr/bin/../lib/gcc/avr/5.4.0/avr5/memx-const\libgcc.a(_exit.o)
                0x00000000000000b6                _exit
                0x00000000000000b6                exit
 *(.fini9)
 *(.fini8)
 *(.fini8)
 *(.fini7)
 *(.fini7)
 *(.fini6)
 *(.fini6)
 *(.fini5)
 *(.fini5)
 *(.fini4)
 *(.fini4)
 *(.fini3)
 *(.fini3)
 *(.fini2)
 *(.fini2)
 *(.fini1)
 *(.fini1)
 *(.fini0)
 .fini0         0x00000000000000b6        0x4 c:/program files/microchip/xc8/v2.32/avr/bin/../lib/gcc/avr/5.4.0/avr5/memx-const\libgcc.a(_exit.o)
 *(.fini0)
                0x00000000000000ba                _etext = .

.data           0x0000000000800060        0x0 load address 0x00000000000000ba
                [!provide]                        PROVIDE (__data_start, .)
 *(.gnu.linkonce.d*)
 *(.gnu.linkonce.r*)
                0x0000000000800060                . = ALIGN (0x2)
 *fill*         0x0000000000800060        0x0 
                0x0000000000800060                _edata = .
                [!provide]                        PROVIDE (__data_end, .)

.bss            0x0000000000800060       0x22
                [!provide]                        PROVIDE (__bss_start, .)
 *(COMMON)
 COMMON         0x0000000000800060       0x22 build/default/production/main.o
                0x0000000000800060                mTask2Status
                0x0000000000800071                mTask1Status
                [!provide]                        PROVIDE (__bss_end, .)
                0x00000000000000ba                __data_load_start = LOADADDR (.data)
                0x00000000000000ba                __data_load_end = (__data_load_start + SIZEOF (.data))

.noinit         0x0000000000800082        0x0
                [!provide]                        PROVIDE (__noinit_start, .)
 *(.noinit*)
                [!provide]                        PROVIDE (__noinit_end, .)
                0x0000000000800082                _end = .

.eeprom         0x0000000000810000        0x0
 *(.eeprom*)
                0x0000000000810000                __eeprom_end = .

.fuse
 *(.fuse)
 *(.lfuse)
 *(.hfuse)
 *(.efuse)

.lock
 *(.lock*)

.signature
 *(.signature*)

.user_signatures
 *(.user_signatures*)

.stab
 *(.stab)

.stabstr
 *(.stabstr)

.stab.excl
 *(.stab.excl)

.stab.exclstr
 *(.stab.exclstr)

.stab.index
 *(.stab.index)

.stab.indexstr
 *(.stab.indexstr)

.comment        0x0000000000000000       0x2f
 *(.comment)
 .comment       0x0000000000000000       0x2f build/default/production/main.o
                                         0x30 (size before relaxing)
 .comment       0x000000000000002f       0x30 build/default/production/mDIO.o
 .comment       0x000000000000002f       0x30 build/default/production/mLEDS.o
 .comment       0x000000000000002f       0x30 build/default/production/mADC.o
 .comment       0x000000000000002f       0x30 build/default/production/mUART.o
 .comment       0x000000000000002f       0x30 build/default/production/RTOS/heap_4.o
 .comment       0x000000000000002f       0x30 build/default/production/RTOS/list.o
 .comment       0x000000000000002f       0x30 build/default/production/RTOS/port.o
 .comment       0x000000000000002f       0x30 build/default/production/RTOS/tasks.o

.stack.descriptors.hdr
                0x0000000000000000      0x126
 .stack.descriptors.hdr
                0x0000000000000000        0xe c:/program files/microchip/xc8/v2.32/avr/bin/../lib/gcc/avr/5.4.0/../../../../avr/lib/avr5/memx-const\libm.a(addsf3.o)
 .stack.descriptors.hdr
                0x000000000000000e        0xe c:/program files/microchip/xc8/v2.32/avr/bin/../lib/gcc/avr/5.4.0/../../../../avr/lib/avr5/memx-const\libm.a(addsf3x.o)
 .stack.descriptors.hdr
                0x000000000000001c        0xe c:/program files/microchip/xc8/v2.32/avr/bin/../lib/gcc/avr/5.4.0/../../../../avr/lib/avr5/memx-const\libm.a(fixsfsi.o)
 .stack.descriptors.hdr
                0x000000000000002a        0xe c:/program files/microchip/xc8/v2.32/avr/bin/../lib/gcc/avr/5.4.0/../../../../avr/lib/avr5/memx-const\libm.a(fixunssfsi.o)
 .stack.descriptors.hdr
                0x0000000000000038        0xe c:/program files/microchip/xc8/v2.32/avr/bin/../lib/gcc/avr/5.4.0/../../../../avr/lib/avr5/memx-const\libm.a(floatsisf.o)
 .stack.descriptors.hdr
                0x0000000000000046        0xe c:/program files/microchip/xc8/v2.32/avr/bin/../lib/gcc/avr/5.4.0/../../../../avr/lib/avr5/memx-const\libm.a(fp_inf.o)
 .stack.descriptors.hdr
                0x0000000000000054        0xe c:/program files/microchip/xc8/v2.32/avr/bin/../lib/gcc/avr/5.4.0/../../../../avr/lib/avr5/memx-const\libm.a(fp_nan.o)
 .stack.descriptors.hdr
                0x0000000000000062        0xe c:/program files/microchip/xc8/v2.32/avr/bin/../lib/gcc/avr/5.4.0/../../../../avr/lib/avr5/memx-const\libm.a(fp_pscA.o)
 .stack.descriptors.hdr
                0x0000000000000070        0xe c:/program files/microchip/xc8/v2.32/avr/bin/../lib/gcc/avr/5.4.0/../../../../avr/lib/avr5/memx-const\libm.a(fp_pscB.o)
 .stack.descriptors.hdr
                0x000000000000007e        0xe c:/program files/microchip/xc8/v2.32/avr/bin/../lib/gcc/avr/5.4.0/../../../../avr/lib/avr5/memx-const\libm.a(fp_round.o)
 .stack.descriptors.hdr
                0x000000000000008c        0xe c:/program files/microchip/xc8/v2.32/avr/bin/../lib/gcc/avr/5.4.0/../../../../avr/lib/avr5/memx-const\libm.a(fp_split3.o)
 .stack.descriptors.hdr
                0x000000000000009a        0xe c:/program files/microchip/xc8/v2.32/avr/bin/../lib/gcc/avr/5.4.0/../../../../avr/lib/avr5/memx-const\libm.a(fp_zero.o)
 .stack.descriptors.hdr
                0x00000000000000a8        0xe c:/program files/microchip/xc8/v2.32/avr/bin/../lib/gcc/avr/5.4.0/../../../../avr/lib/avr5/memx-const\libm.a(mulsf3.o)
 .stack.descriptors.hdr
                0x00000000000000b6        0xe c:/program files/microchip/xc8/v2.32/avr/bin/../lib/gcc/avr/5.4.0/../../../../avr/lib/avr5/memx-const\libm.a(mulsf3x.o)
 .stack.descriptors.hdr
                0x00000000000000c4        0xe c:/program files/microchip/xc8/v2.32/avr/bin/../lib/gcc/avr/5.4.0/avr5/memx-const\libgcc.a(_udivmodsi4.o)
 .stack.descriptors.hdr
                0x00000000000000d2        0xe c:/program files/microchip/xc8/v2.32/avr/bin/../lib/gcc/avr/5.4.0/avr5/memx-const\libgcc.a(_exit.o)
 .stack.descriptors.hdr
                0x00000000000000e0        0xe c:/program files/microchip/xc8/v2.32/avr/bin/../lib/gcc/avr/5.4.0/avr5/memx-const\libgcc.a(_xload_2.o)
 .stack.descriptors.hdr
                0x00000000000000ee        0xe c:/program files/microchip/xc8/v2.32/avr/bin/../lib/gcc/avr/5.4.0/../../../../avr/lib/avr5/memx-const\libc.a(memset.o)
 .stack.descriptors.hdr
                0x00000000000000fc        0xe c:/program files/microchip/xc8/v2.32/avr/bin/../lib/gcc/avr/5.4.0/../../../../avr/lib/avr5/memx-const\libc.a(itoa_ncheck.o)
 .stack.descriptors.hdr
                0x000000000000010a        0xe c:/program files/microchip/xc8/v2.32/avr/bin/../lib/gcc/avr/5.4.0/../../../../avr/lib/avr5/memx-const\libc.a(utoa_ncheck.o)
 .stack.descriptors.hdr
                0x0000000000000118        0xe c:/program files/microchip/xc8/v2.32/avr/bin/../lib/gcc/avr/5.4.0/../../../../avr/lib/avr5/memx-const\libc.a(strrev.o)

.note.gnu.build-id
 *(.note.gnu.build-id)

.debug
 *(.debug)

.line
 *(.line)

.debug_srcinfo
 *(.debug_srcinfo)

.debug_sfnames
 *(.debug_sfnames)

.debug_aranges  0x0000000000000000      0x468
 *(.debug_aranges)
 .debug_aranges
                0x0000000000000000       0x30 build/default/production/main.o
 .debug_aranges
                0x0000000000000030       0xd8 build/default/production/mDIO.o
 .debug_aranges
                0x0000000000000108       0x60 build/default/production/mLEDS.o
 .debug_aranges
                0x0000000000000168       0x60 build/default/production/mADC.o
 .debug_aranges
                0x00000000000001c8       0x40 build/default/production/mUART.o
 .debug_aranges
                0x0000000000000208       0x58 build/default/production/RTOS/heap_4.o
 .debug_aranges
                0x0000000000000260       0x40 build/default/production/RTOS/list.o
 .debug_aranges
                0x00000000000002a0       0x48 build/default/production/RTOS/port.o
 .debug_aranges
                0x00000000000002e8      0x180 build/default/production/RTOS/tasks.o

.debug_pubnames
 *(.debug_pubnames)

.debug_info     0x0000000000000000     0x61c3
 *(.debug_info .gnu.linkonce.wi.*)
 .debug_info    0x0000000000000000      0x4e6 C:/Program Files/Microchip/MPLABX/v5.50/packs/Microchip/ATmega_DFP/2.3.126/xc8/avr/lib/avr5/memx-const/crtatmega32a.o
 .debug_info    0x00000000000004e6      0x8c6 build/default/production/main.o
 .debug_info    0x0000000000000dac      0x6f2 build/default/production/mDIO.o
 .debug_info    0x000000000000149e      0x45c build/default/production/mLEDS.o
 .debug_info    0x00000000000018fa      0x3eb build/default/production/mADC.o
 .debug_info    0x0000000000001ce5      0x46b build/default/production/mUART.o
 .debug_info    0x0000000000002150      0x8ea build/default/production/RTOS/heap_4.o
 .debug_info    0x0000000000002a3a      0x536 build/default/production/RTOS/list.o
 .debug_info    0x0000000000002f70      0x4d4 build/default/production/RTOS/port.o
 .debug_info    0x0000000000003444     0x2d7f build/default/production/RTOS/tasks.o

.debug_abbrev   0x0000000000000000     0x11c8
 *(.debug_abbrev)
 .debug_abbrev  0x0000000000000000      0x4a3 C:/Program Files/Microchip/MPLABX/v5.50/packs/Microchip/ATmega_DFP/2.3.126/xc8/avr/lib/avr5/memx-const/crtatmega32a.o
 .debug_abbrev  0x00000000000004a3      0x18e build/default/production/main.o
 .debug_abbrev  0x0000000000000631       0x9a build/default/production/mDIO.o
 .debug_abbrev  0x00000000000006cb       0x92 build/default/production/mLEDS.o
 .debug_abbrev  0x000000000000075d       0xba build/default/production/mADC.o
 .debug_abbrev  0x0000000000000817      0x183 build/default/production/mUART.o
 .debug_abbrev  0x000000000000099a      0x220 build/default/production/RTOS/heap_4.o
 .debug_abbrev  0x0000000000000bba      0x116 build/default/production/RTOS/list.o
 .debug_abbrev  0x0000000000000cd0      0x14a build/default/production/RTOS/port.o
 .debug_abbrev  0x0000000000000e1a      0x3ae build/default/production/RTOS/tasks.o

.debug_line     0x0000000000000000     0x2639
 *(.debug_line .debug_line.* .debug_line_end)
 .debug_line    0x0000000000000000      0x119 C:/Program Files/Microchip/MPLABX/v5.50/packs/Microchip/ATmega_DFP/2.3.126/xc8/avr/lib/avr5/memx-const/crtatmega32a.o
 .debug_line    0x0000000000000119      0x1cf build/default/production/main.o
 .debug_line    0x00000000000002e8      0x38c build/default/production/mDIO.o
 .debug_line    0x0000000000000674      0x140 build/default/production/mLEDS.o
 .debug_line    0x00000000000007b4      0x163 build/default/production/mADC.o
 .debug_line    0x0000000000000917      0x13c build/default/production/mUART.o
 .debug_line    0x0000000000000a53      0x3b9 build/default/production/RTOS/heap_4.o
 .debug_line    0x0000000000000e0c      0x1bc build/default/production/RTOS/list.o
 .debug_line    0x0000000000000fc8      0x274 build/default/production/RTOS/port.o
 .debug_line    0x000000000000123c     0x13fd build/default/production/RTOS/tasks.o

.debug_frame    0x0000000000000000      0xc38
 *(.debug_frame)
 .debug_frame   0x0000000000000000       0x44 build/default/production/main.o
 .debug_frame   0x0000000000000044      0x194 build/default/production/mDIO.o
 .debug_frame   0x00000000000001d8       0xa4 build/default/production/mLEDS.o
 .debug_frame   0x000000000000027c       0xb8 build/default/production/mADC.o
 .debug_frame   0x0000000000000334       0x80 build/default/production/mUART.o
 .debug_frame   0x00000000000003b4      0x108 build/default/production/RTOS/heap_4.o
 .debug_frame   0x00000000000004bc       0x88 build/default/production/RTOS/list.o
 .debug_frame   0x0000000000000544       0x74 build/default/production/RTOS/port.o
 .debug_frame   0x00000000000005b8      0x680 build/default/production/RTOS/tasks.o

.debug_str      0x0000000000000000      0x5db
 *(.debug_str)
 .debug_str     0x0000000000000000      0x196 C:/Program Files/Microchip/MPLABX/v5.50/packs/Microchip/ATmega_DFP/2.3.126/xc8/avr/lib/avr5/memx-const/crtatmega32a.o
 .debug_str     0x0000000000000196       0x8d build/default/production/main.o
 .debug_str     0x0000000000000223       0x1e build/default/production/mDIO.o
 .debug_str     0x0000000000000241       0x3c build/default/production/mLEDS.o
 .debug_str     0x000000000000027d        0x0 build/default/production/mADC.o
 .debug_str     0x000000000000027d        0xe build/default/production/mUART.o
 .debug_str     0x000000000000028b       0x76 build/default/production/RTOS/heap_4.o
 .debug_str     0x0000000000000301       0x2b build/default/production/RTOS/list.o
 .debug_str     0x000000000000032c       0x26 build/default/production/RTOS/port.o
 .debug_str     0x0000000000000352      0x289 build/default/production/RTOS/tasks.o

.debug_loc      0x0000000000000000     0x2ef4
 *(.debug_loc)
 .debug_loc     0x0000000000000000       0x26 build/default/production/main.o
 .debug_loc     0x0000000000000026      0x5b0 build/default/production/mDIO.o
 .debug_loc     0x00000000000005d6      0x140 build/default/production/mADC.o
 .debug_loc     0x0000000000000716      0x11a build/default/production/mUART.o
 .debug_loc     0x0000000000000830      0x4f4 build/default/production/RTOS/heap_4.o
 .debug_loc     0x0000000000000d24       0xb8 build/default/production/RTOS/list.o
 .debug_loc     0x0000000000000ddc      0x2a0 build/default/production/RTOS/port.o
 .debug_loc     0x000000000000107c     0x1e78 build/default/production/RTOS/tasks.o

.debug_macinfo
 *(.debug_macinfo)

.debug_weaknames
 *(.debug_weaknames)

.debug_funcnames
 *(.debug_funcnames)

.debug_typenames
 *(.debug_typenames)

.debug_varnames
 *(.debug_varnames)

.debug_pubtypes
 *(.debug_pubtypes)

.debug_ranges   0x0000000000000000      0x488
 *(.debug_ranges)
 .debug_ranges  0x0000000000000000       0x20 build/default/production/main.o
 .debug_ranges  0x0000000000000020       0xc8 build/default/production/mDIO.o
 .debug_ranges  0x00000000000000e8       0x50 build/default/production/mLEDS.o
 .debug_ranges  0x0000000000000138       0x50 build/default/production/mADC.o
 .debug_ranges  0x0000000000000188       0x30 build/default/production/mUART.o
 .debug_ranges  0x00000000000001b8       0x48 build/default/production/RTOS/heap_4.o
 .debug_ranges  0x0000000000000200       0x30 build/default/production/RTOS/list.o
 .debug_ranges  0x0000000000000230       0x38 build/default/production/RTOS/port.o
 .debug_ranges  0x0000000000000268      0x220 build/default/production/RTOS/tasks.o

.debug_macro
 *(.debug_macro)
OUTPUT(dist/default/production/Alex50_kit.X.production.elf elf32-avr)
LOAD linker stubs
LOAD data_init

.note.gnu.avr.deviceinfo
                0x0000000000000000       0x3c
 .note.gnu.avr.deviceinfo
                0x0000000000000000       0x3c C:/Program Files/Microchip/MPLABX/v5.50/packs/Microchip/ATmega_DFP/2.3.126/xc8/avr/lib/avr5/memx-const/crtatmega32a.o

.bss.data       0x00000000008006bc        0x2
 .bss.data      0x00000000008006bc        0x2 build/default/production/main.o
                0x00000000008006bc                data

.bss.T2_Handler
                0x00000000008006be        0x2
 .bss.T2_Handler
                0x00000000008006be        0x2 build/default/production/main.o
                0x00000000008006be                T2_Handler

.bss.T1_Handler
                0x00000000008006c0        0x2
 .bss.T1_Handler
                0x00000000008006c0        0x2 build/default/production/main.o
                0x00000000008006c0                T1_Handler

.bss.xNumberOfSuccessfulFrees
                0x00000000008006c2        0x2
 .bss.xNumberOfSuccessfulFrees
                0x00000000008006c2        0x2 build/default/production/RTOS/heap_4.o

.bss.xNumberOfSuccessfulAllocations
                0x00000000008006c4        0x2
 .bss.xNumberOfSuccessfulAllocations
                0x00000000008006c4        0x2 build/default/production/RTOS/heap_4.o

.bss.xMinimumEverFreeBytesRemaining
                0x00000000008006c6        0x2
 .bss.xMinimumEverFreeBytesRemaining
                0x00000000008006c6        0x2 build/default/production/RTOS/heap_4.o

.bss.xFreeBytesRemaining
                0x00000000008006c8        0x2
 .bss.xFreeBytesRemaining
                0x00000000008006c8        0x2 build/default/production/RTOS/heap_4.o

.bss.pxEnd      0x00000000008006ca        0x2
 .bss.pxEnd     0x00000000008006ca        0x2 build/default/production/RTOS/heap_4.o

.bss.xStart     0x00000000008006b8        0x4
 .bss.xStart    0x00000000008006b8        0x4 build/default/production/RTOS/heap_4.o

.bss.ucHeap     0x0000000000800082      0x5dc
 .bss.ucHeap    0x0000000000800082      0x5dc build/default/production/RTOS/heap_4.o

.bss.uxSchedulerSuspended
                0x00000000008006da        0x1
 .bss.uxSchedulerSuspended
                0x00000000008006da        0x1 build/default/production/RTOS/tasks.o

.bss.xIdleTaskHandle
                0x00000000008006cc        0x2
 .bss.xIdleTaskHandle
                0x00000000008006cc        0x2 build/default/production/RTOS/tasks.o

.bss.xNextTaskUnblockTime
                0x00000000008006ce        0x2
 .bss.xNextTaskUnblockTime
                0x00000000008006ce        0x2 build/default/production/RTOS/tasks.o

.bss.uxTaskNumber
                0x00000000008006db        0x1
 .bss.uxTaskNumber
                0x00000000008006db        0x1 build/default/production/RTOS/tasks.o

.bss.xNumOfOverflows
                0x00000000008006dc        0x1
 .bss.xNumOfOverflows
                0x00000000008006dc        0x1 build/default/production/RTOS/tasks.o

.bss.xYieldPending
                0x00000000008006dd        0x1
 .bss.xYieldPending
                0x00000000008006dd        0x1 build/default/production/RTOS/tasks.o

.bss.xPendedTicks
                0x00000000008006d0        0x2
 .bss.xPendedTicks
                0x00000000008006d0        0x2 build/default/production/RTOS/tasks.o

.bss.xSchedulerRunning
                0x00000000008006de        0x1
 .bss.xSchedulerRunning
                0x00000000008006de        0x1 build/default/production/RTOS/tasks.o

.bss.uxTopReadyPriority
                0x00000000008006df        0x1
 .bss.uxTopReadyPriority
                0x00000000008006df        0x1 build/default/production/RTOS/tasks.o

.bss.xTickCount
                0x00000000008006d2        0x2
 .bss.xTickCount
                0x00000000008006d2        0x2 build/default/production/RTOS/tasks.o

.bss.uxCurrentNumberOfTasks
                0x00000000008006e0        0x1
 .bss.uxCurrentNumberOfTasks
                0x00000000008006e0        0x1 build/default/production/RTOS/tasks.o

.bss.xSuspendedTaskList
                0x000000000080068b        0x9
 .bss.xSuspendedTaskList
                0x000000000080068b        0x9 build/default/production/RTOS/tasks.o

.bss.uxDeletedTasksWaitingCleanUp
                0x00000000008006e1        0x1
 .bss.uxDeletedTasksWaitingCleanUp
                0x00000000008006e1        0x1 build/default/production/RTOS/tasks.o

.bss.xTasksWaitingTermination
                0x0000000000800694        0x9
 .bss.xTasksWaitingTermination
                0x0000000000800694        0x9 build/default/production/RTOS/tasks.o

.bss.xPendingReadyList
                0x000000000080069d        0x9
 .bss.xPendingReadyList
                0x000000000080069d        0x9 build/default/production/RTOS/tasks.o

.bss.pxOverflowDelayedTaskList
                0x00000000008006d4        0x2
 .bss.pxOverflowDelayedTaskList
                0x00000000008006d4        0x2 build/default/production/RTOS/tasks.o

.bss.pxDelayedTaskList
                0x00000000008006d6        0x2
 .bss.pxDelayedTaskList
                0x00000000008006d6        0x2 build/default/production/RTOS/tasks.o

.bss.xDelayedTaskList2
                0x00000000008006a6        0x9
 .bss.xDelayedTaskList2
                0x00000000008006a6        0x9 build/default/production/RTOS/tasks.o

.bss.xDelayedTaskList1
                0x00000000008006af        0x9
 .bss.xDelayedTaskList1
                0x00000000008006af        0x9 build/default/production/RTOS/tasks.o

.bss.pxReadyTasksLists
                0x000000000080065e       0x24
 .bss.pxReadyTasksLists
                0x000000000080065e       0x24 build/default/production/RTOS/tasks.o

.bss.pxCurrentTCB
                0x00000000008006d8        0x2
 .bss.pxCurrentTCB
                0x00000000008006d8        0x2 build/default/production/RTOS/tasks.o
                0x00000000008006d8                pxCurrentTCB

.progmemx.data  0x00000000000000ba       0x15
 .progmemx.data
                0x00000000000000ba       0x15 build/default/production/RTOS/tasks.o
                0x00000000000000ce                uxTopUsedPriority

.progmemx.data  0x00000000000000cf        0xa
 .progmemx.data
                0x00000000000000cf        0xa build/default/production/main.o

.text.xTaskCreate
                0x00000000000000da      0x2a4
 .text.xTaskCreate
                0x00000000000000da      0x2a4 build/default/production/RTOS/tasks.o
                0x00000000000000da                xTaskCreate

.text.xTaskIncrementTick
                0x000000000000037e      0x23e
 .text.xTaskIncrementTick
                0x000000000000037e      0x23e build/default/production/RTOS/tasks.o
                0x000000000000037e                xTaskIncrementTick

.text.xTaskResumeAll
                0x00000000000005bc      0x1bc
 .text.xTaskResumeAll
                0x00000000000005bc      0x1bc build/default/production/RTOS/tasks.o
                0x00000000000005bc                xTaskResumeAll

.text.pvPortMalloc
                0x0000000000000778      0x166
 .text.pvPortMalloc
                0x0000000000000778      0x166 build/default/production/RTOS/heap_4.o
                0x0000000000000778                pvPortMalloc

.text.prvAddCurrentTaskToDelayedList
                0x00000000000008de      0x102
 .text.prvAddCurrentTaskToDelayedList
                0x00000000000008de      0x102 build/default/production/RTOS/tasks.o

.text.eTaskGetState
                0x00000000000009e0       0xdc
 .text.eTaskGetState
                0x00000000000009e0       0xdc build/default/production/RTOS/tasks.o
                0x00000000000009e0                eTaskGetState

.text.vTaskGetInfo
                0x0000000000000abc       0xdc
 .text.vTaskGetInfo
                0x0000000000000abc       0xdc build/default/production/RTOS/tasks.o
                0x0000000000000abc                vTaskGetInfo

.text.pxPortInitialiseStack
                0x0000000000000b98       0xd8
 .text.pxPortInitialiseStack
                0x0000000000000b98       0xd8 build/default/production/RTOS/port.o
                0x0000000000000b98                pxPortInitialiseStack

.text.avrlibc.fplib
                0x0000000000000c70       0xd4
 .text.avrlibc.fplib
                0x0000000000000c70       0xd4 c:/program files/microchip/xc8/v2.32/avr/bin/../lib/gcc/avr/5.4.0/../../../../avr/lib/avr5/memx-const\libm.a(mulsf3x.o)
                0x0000000000000c70                __mulsf3x
                0x0000000000000c96                __mulsf3_pse

.text.avrlibc.fplib
                0x0000000000000d44       0xce
 .text.avrlibc.fplib
                0x0000000000000d44       0xce c:/program files/microchip/xc8/v2.32/avr/bin/../lib/gcc/avr/5.4.0/../../../../avr/lib/avr5/memx-const\libm.a(addsf3x.o)
                0x0000000000000d44                __addsf3x

.text.vTaskSwitchContext
                0x0000000000000e12       0xcc
 .text.vTaskSwitchContext
                0x0000000000000e12       0xcc build/default/production/RTOS/tasks.o
                0x0000000000000e12                vTaskSwitchContext

.text.vPortYieldFromTick
                0x0000000000000ede       0xb8
 .text.vPortYieldFromTick
                0x0000000000000ede       0xb8 build/default/production/RTOS/port.o
                0x0000000000000ede                vPortYieldFromTick

.text.vPortYield
                0x0000000000000f96       0xb2
 .text.vPortYield
                0x0000000000000f96       0xb2 build/default/production/RTOS/port.o
                0x0000000000000f96                vPortYield

.text.prvInsertBlockIntoFreeList
                0x0000000000001048       0x9a
 .text.prvInsertBlockIntoFreeList
                0x0000000000001048       0x9a build/default/production/RTOS/heap_4.o

.text.T1        0x00000000000010e2       0x92
 .text.T1       0x00000000000010e2       0x92 build/default/production/main.o
                0x00000000000010e2                T1

.text.avrlibc.fplib
                0x0000000000001174       0x7a
 .text.avrlibc.fplib
                0x0000000000001174       0x7a c:/program files/microchip/xc8/v2.32/avr/bin/../lib/gcc/avr/5.4.0/../../../../avr/lib/avr5/memx-const\libm.a(floatsisf.o)
                0x0000000000001174                __floatunsisf
                0x0000000000001178                __floatsisf

.text.prvIdleTask
                0x00000000000011ee       0x70
 .text.prvIdleTask
                0x00000000000011ee       0x70 build/default/production/RTOS/tasks.o

.text.xPortStartScheduler
                0x000000000000125e       0x6a
 .text.xPortStartScheduler
                0x000000000000125e       0x6a build/default/production/RTOS/port.o
                0x000000000000125e                xPortStartScheduler

.text.main      0x00000000000012c8       0x66
 .text.main     0x00000000000012c8       0x66 build/default/production/main.o
                0x00000000000012c8                main

.text.T2        0x000000000000132e       0x64
 .text.T2       0x000000000000132e       0x64 build/default/production/main.o
                0x000000000000132e                T2

.text.vPortFree
                0x0000000000001392       0x62
 .text.vPortFree
                0x0000000000001392       0x62 build/default/production/RTOS/heap_4.o
                0x0000000000001392                vPortFree

.text.vListInsert
                0x00000000000013f4       0x62
 .text.vListInsert
                0x00000000000013f4       0x62 build/default/production/RTOS/list.o
                0x00000000000013f4                vListInsert

.text.vTaskStartScheduler
                0x0000000000001456       0x5e
 .text.vTaskStartScheduler
                0x0000000000001456       0x5e build/default/production/RTOS/tasks.o
                0x0000000000001456                vTaskStartScheduler

.text.avrlibc.fplib
                0x00000000000014b4       0x5e
 .text.avrlibc.fplib
                0x00000000000014b4       0x5e c:/program files/microchip/xc8/v2.32/avr/bin/../lib/gcc/avr/5.4.0/../../../../avr/lib/avr5/memx-const\libm.a(fixunssfsi.o)
                0x00000000000014b4                __fixunssfsi

.text.uxListRemove
                0x0000000000001512       0x4e
 .text.uxListRemove
                0x0000000000001512       0x4e build/default/production/RTOS/list.o
                0x0000000000001512                uxListRemove

.text.init_UART
                0x0000000000001560       0x46
 .text.init_UART
                0x0000000000001560       0x46 build/default/production/mUART.o
                0x0000000000001560                init_UART

.text.avrlibc.fplib
                0x00000000000015a6       0x44
 .text.avrlibc.fplib
                0x00000000000015a6       0x44 c:/program files/microchip/xc8/v2.32/avr/bin/../lib/gcc/avr/5.4.0/../../../../avr/lib/avr5/memx-const\libm.a(fp_split3.o)
                0x00000000000015a6                __fp_split3
                0x00000000000015b6                __fp_splitA

.text.libgcc.div
                0x00000000000015ea       0x44
 .text.libgcc.div
                0x00000000000015ea       0x44 c:/program files/microchip/xc8/v2.32/avr/bin/../lib/gcc/avr/5.4.0/avr5/memx-const\libgcc.a(_udivmodsi4.o)
                0x00000000000015ea                __udivmodsi4

.text.setPORTC_PIN_DIR
                0x000000000000162e       0x42
 .text.setPORTC_PIN_DIR
                0x000000000000162e       0x42 build/default/production/mDIO.o
                0x000000000000162e                setPORTC_PIN_DIR

.text.setPORTD_PIN_DIR
                0x0000000000001670       0x42
 .text.setPORTD_PIN_DIR
                0x0000000000001670       0x42 build/default/production/mDIO.o
                0x0000000000001670                setPORTD_PIN_DIR

.text.UART_send_num
                0x00000000000016b2       0x3a
 .text.UART_send_num
                0x00000000000016b2       0x3a build/default/production/mUART.o
                0x00000000000016b2                UART_send_num

.text.prvResetNextTaskUnblockTime
                0x00000000000016ec       0x38
 .text.prvResetNextTaskUnblockTime
                0x00000000000016ec       0x38 build/default/production/RTOS/tasks.o

.text.avrlibc   0x0000000000001724       0x34
 .text.avrlibc  0x0000000000001724       0x34 c:/program files/microchip/xc8/v2.32/avr/bin/../lib/gcc/avr/5.4.0/../../../../avr/lib/avr5/memx-const\libc.a(utoa_ncheck.o)
                0x0000000000001724                __utoa_ncheck
                0x0000000000001726                __utoa_common

.text.init_ADC  0x0000000000001758       0x2c
 .text.init_ADC
                0x0000000000001758       0x2c build/default/production/mADC.o
                0x0000000000001758                init_ADC

.text.vTaskDelay
                0x0000000000001784       0x28
 .text.vTaskDelay
                0x0000000000001784       0x28 build/default/production/RTOS/tasks.o
                0x0000000000001784                vTaskDelay

.text.init_LEDs
                0x00000000000017ac       0x26
 .text.init_LEDs
                0x00000000000017ac       0x26 build/default/production/mLEDS.o
                0x00000000000017ac                init_LEDs

.text.avrlibc.fplib
                0x00000000000017d2       0x22
 .text.avrlibc.fplib
                0x00000000000017d2       0x22 c:/program files/microchip/xc8/v2.32/avr/bin/../lib/gcc/avr/5.4.0/../../../../avr/lib/avr5/memx-const\libm.a(fp_round.o)
                0x00000000000017d2                __fp_round

.text.avrlibc   0x00000000000017f4       0x20
 .text.avrlibc  0x00000000000017f4       0x20 c:/program files/microchip/xc8/v2.32/avr/bin/../lib/gcc/avr/5.4.0/../../../../avr/lib/avr5/memx-const\libc.a(strrev.o)
                0x00000000000017f4                strrev

.text.UART_send_str
                0x0000000000001814       0x1e
 .text.UART_send_str
                0x0000000000001814       0x1e build/default/production/mUART.o
                0x0000000000001814                UART_send_str

.text.vListInitialise
                0x0000000000001832       0x1c
 .text.vListInitialise
                0x0000000000001832       0x1c build/default/production/RTOS/list.o
                0x0000000000001832                vListInitialise

.text.ADC_selectREF
                0x000000000000184e       0x1a
 .text.ADC_selectREF
                0x000000000000184e       0x1a build/default/production/mADC.o
                0x000000000000184e                ADC_selectREF

.text.avrlibc   0x0000000000001868       0x16
 .text.avrlibc  0x0000000000001868       0x16 c:/program files/microchip/xc8/v2.32/avr/bin/../lib/gcc/avr/5.4.0/../../../../avr/lib/avr5/memx-const\libc.a(itoa_ncheck.o)
                0x0000000000001868                __itoa_ncheck

.text.libgcc    0x000000000000187e       0x10
 .text.libgcc   0x000000000000187e       0x10 c:/program files/microchip/xc8/v2.32/avr/bin/../lib/gcc/avr/5.4.0/avr5/memx-const\libgcc.a(_xload_2.o)
                0x000000000000187e                __xload_2

.text.ADC_selectCH
                0x000000000000188e        0xe
 .text.ADC_selectCH
                0x000000000000188e        0xe build/default/production/mADC.o
                0x000000000000188e                ADC_selectCH

.text.avrlibc.fplib
                0x000000000000189c        0xe
 .text.avrlibc.fplib
                0x000000000000189c        0xe c:/program files/microchip/xc8/v2.32/avr/bin/../lib/gcc/avr/5.4.0/../../../../avr/lib/avr5/memx-const\libm.a(addsf3.o)
                0x000000000000189c                __subsf3
                0x000000000000189e                __addsf3

.text.avrlibc.fplib
                0x00000000000018aa        0xe
 .text.avrlibc.fplib
                0x00000000000018aa        0xe c:/program files/microchip/xc8/v2.32/avr/bin/../lib/gcc/avr/5.4.0/../../../../avr/lib/avr5/memx-const\libm.a(fixsfsi.o)
                0x00000000000018aa                __fixsfsi

.text.avrlibc.fplib
                0x00000000000018b8        0xe
 .text.avrlibc.fplib
                0x00000000000018b8        0xe c:/program files/microchip/xc8/v2.32/avr/bin/../lib/gcc/avr/5.4.0/../../../../avr/lib/avr5/memx-const\libm.a(fp_pscA.o)
                0x00000000000018b8                __fp_pscA

.text.avrlibc.fplib
                0x00000000000018c6        0xe
 .text.avrlibc.fplib
                0x00000000000018c6        0xe c:/program files/microchip/xc8/v2.32/avr/bin/../lib/gcc/avr/5.4.0/../../../../avr/lib/avr5/memx-const\libm.a(fp_pscB.o)
                0x00000000000018c6                __fp_pscB

.text.avrlibc.fplib
                0x00000000000018d4        0xe
 .text.avrlibc.fplib
                0x00000000000018d4        0xe c:/program files/microchip/xc8/v2.32/avr/bin/../lib/gcc/avr/5.4.0/../../../../avr/lib/avr5/memx-const\libm.a(fp_zero.o)
                0x00000000000018d4                __fp_zero
                0x00000000000018d6                __fp_szero

.text.avrlibc   0x00000000000018e2        0xe
 .text.avrlibc  0x00000000000018e2        0xe c:/program files/microchip/xc8/v2.32/avr/bin/../lib/gcc/avr/5.4.0/../../../../avr/lib/avr5/memx-const\libc.a(memset.o)
                0x00000000000018e2                memset

.text.vTaskSuspendAll
                0x00000000000018f0        0xc
 .text.vTaskSuspendAll
                0x00000000000018f0        0xc build/default/production/RTOS/tasks.o
                0x00000000000018f0                vTaskSuspendAll

.text.avrlibc.fplib
                0x00000000000018fc        0xc
 .text.avrlibc.fplib
                0x00000000000018fc        0xc c:/program files/microchip/xc8/v2.32/avr/bin/../lib/gcc/avr/5.4.0/../../../../avr/lib/avr5/memx-const\libm.a(fp_inf.o)
                0x00000000000018fc                __fp_inf

.text.ADC_read  0x0000000000001908        0xa
 .text.ADC_read
                0x0000000000001908        0xa build/default/production/mADC.o
                0x0000000000001908                ADC_read

.text.ADC_selectPS
                0x0000000000001912        0x8
 .text.ADC_selectPS
                0x0000000000001912        0x8 build/default/production/mADC.o
                0x0000000000001912                ADC_selectPS

.text.UART_send
                0x000000000000191a        0x8
 .text.UART_send
                0x000000000000191a        0x8 build/default/production/mUART.o
                0x000000000000191a                UART_send

.text.vListInitialiseItem
                0x0000000000001922        0x8
 .text.vListInitialiseItem
                0x0000000000001922        0x8 build/default/production/RTOS/list.o
                0x0000000000001922                vListInitialiseItem

.text.avrlibc.fplib
                0x000000000000192a        0x8
 .text.avrlibc.fplib
                0x000000000000192a        0x8 c:/program files/microchip/xc8/v2.32/avr/bin/../lib/gcc/avr/5.4.0/../../../../avr/lib/avr5/memx-const\libm.a(mulsf3.o)
                0x000000000000192a                __mulsf3

.text.ADC_wait  0x0000000000001932        0x6
 .text.ADC_wait
                0x0000000000001932        0x6 build/default/production/mADC.o
                0x0000000000001932                ADC_wait

.text.__vector_7
                0x0000000000001938        0x6
 .text.__vector_7
                0x0000000000001938        0x6 build/default/production/RTOS/port.o
                0x0000000000001938                __vector_7

.text.avrlibc.fplib
                0x000000000000193e        0x6
 .text.avrlibc.fplib
                0x000000000000193e        0x6 c:/program files/microchip/xc8/v2.32/avr/bin/../lib/gcc/avr/5.4.0/../../../../avr/lib/avr5/memx-const\libm.a(fp_nan.o)
                0x000000000000193e                __fp_nan

.text           0x0000000000001944        0x4
 .text          0x0000000000001944        0x4 C:/Program Files/Microchip/MPLABX/v5.50/packs/Microchip/ATmega_DFP/2.3.126/xc8/avr/lib/avr5/memx-const/crtatmega32a.o
                0x0000000000001944                __vector_1
                0x0000000000001944                __vector_12
                0x0000000000001944                __bad_interrupt
                0x0000000000001944                __vector_6
                0x0000000000001944                __vector_3
                0x0000000000001944                __vector_11
                0x0000000000001944                __vector_13
                0x0000000000001944                __vector_17
                0x0000000000001944                __vector_19
                0x0000000000001944                __vector_5
                0x0000000000001944                __vector_4
                0x0000000000001944                __vector_9
                0x0000000000001944                __vector_2
                0x0000000000001944                __vector_15
                0x0000000000001944                __vector_8
                0x0000000000001944                __vector_14
                0x0000000000001944                __vector_10
                0x0000000000001944                __vector_16
                0x0000000000001944                __vector_18
                0x0000000000001944                __vector_20

.text.ADC_EN    0x0000000000001948        0x4
 .text.ADC_EN   0x0000000000001948        0x4 build/default/production/mADC.o
                0x0000000000001948                ADC_EN

.text.ADC_SC    0x000000000000194c        0x4
 .text.ADC_SC   0x000000000000194c        0x4 build/default/production/mADC.o
                0x000000000000194c                ADC_SC

.data.str1      0x0000000000800682        0x9 load address 0x0000000000001950
 .data.str1     0x0000000000800682        0x9 build/default/production/main.o
                0x0000000000800682                str1
