Archive member included to satisfy reference by file (symbol)

c:/program files/microchip/xc8/v2.32/avr/bin/../lib/gcc/avr/5.4.0/../../../../avr/lib/avr5/memx-const\libm.a(fixsfsi.o)
                              build/default/production/main.o (__fixsfsi)
c:/program files/microchip/xc8/v2.32/avr/bin/../lib/gcc/avr/5.4.0/../../../../avr/lib/avr5/memx-const\libm.a(fixunssfsi.o)
                              c:/program files/microchip/xc8/v2.32/avr/bin/../lib/gcc/avr/5.4.0/../../../../avr/lib/avr5/memx-const\libm.a(fixsfsi.o) (__fixunssfsi)
c:/program files/microchip/xc8/v2.32/avr/bin/../lib/gcc/avr/5.4.0/../../../../avr/lib/avr5/memx-const\libm.a(floatsisf.o)
                              build/default/production/main.o (__floatunsisf)
c:/program files/microchip/xc8/v2.32/avr/bin/../lib/gcc/avr/5.4.0/../../../../avr/lib/avr5/memx-const\libm.a(fp_split3.o)
                              c:/program files/microchip/xc8/v2.32/avr/bin/../lib/gcc/avr/5.4.0/../../../../avr/lib/avr5/memx-const\libm.a(fixunssfsi.o) (__fp_splitA)
c:/program files/microchip/xc8/v2.32/avr/bin/../lib/gcc/avr/5.4.0/../../../../avr/lib/avr5/memx-const\libm.a(fp_zero.o)
                              c:/program files/microchip/xc8/v2.32/avr/bin/../lib/gcc/avr/5.4.0/../../../../avr/lib/avr5/memx-const\libm.a(fixunssfsi.o) (__fp_zero)
c:/program files/microchip/xc8/v2.32/avr/bin/../lib/gcc/avr/5.4.0/../../../../avr/lib/avr5/memx-const\libm.a(mulsf3.o)
                              build/default/production/main.o (__mulsf3)
c:/program files/microchip/xc8/v2.32/avr/bin/../lib/gcc/avr/5.4.0/../../../../avr/lib/avr5/memx-const\libm.a(mulsf3x.o)
                              c:/program files/microchip/xc8/v2.32/avr/bin/../lib/gcc/avr/5.4.0/../../../../avr/lib/avr5/memx-const\libm.a(mulsf3.o) (__mulsf3x)
c:/program files/microchip/xc8/v2.32/avr/bin/../lib/gcc/avr/5.4.0/../../../../avr/lib/avr5/memx-const\libm.a(fp_inf.o)
                              c:/program files/microchip/xc8/v2.32/avr/bin/../lib/gcc/avr/5.4.0/../../../../avr/lib/avr5/memx-const\libm.a(mulsf3x.o) (__fp_inf)
c:/program files/microchip/xc8/v2.32/avr/bin/../lib/gcc/avr/5.4.0/../../../../avr/lib/avr5/memx-const\libm.a(fp_nan.o)
                              c:/program files/microchip/xc8/v2.32/avr/bin/../lib/gcc/avr/5.4.0/../../../../avr/lib/avr5/memx-const\libm.a(mulsf3x.o) (__fp_nan)
c:/program files/microchip/xc8/v2.32/avr/bin/../lib/gcc/avr/5.4.0/../../../../avr/lib/avr5/memx-const\libm.a(fp_pscA.o)
                              c:/program files/microchip/xc8/v2.32/avr/bin/../lib/gcc/avr/5.4.0/../../../../avr/lib/avr5/memx-const\libm.a(mulsf3x.o) (__fp_pscA)
c:/program files/microchip/xc8/v2.32/avr/bin/../lib/gcc/avr/5.4.0/../../../../avr/lib/avr5/memx-const\libm.a(fp_pscB.o)
                              c:/program files/microchip/xc8/v2.32/avr/bin/../lib/gcc/avr/5.4.0/../../../../avr/lib/avr5/memx-const\libm.a(mulsf3x.o) (__fp_pscB)
c:/program files/microchip/xc8/v2.32/avr/bin/../lib/gcc/avr/5.4.0/../../../../avr/lib/avr5/memx-const\libm.a(fp_round.o)
                              c:/program files/microchip/xc8/v2.32/avr/bin/../lib/gcc/avr/5.4.0/../../../../avr/lib/avr5/memx-const\libm.a(mulsf3.o) (__fp_round)
c:/program files/microchip/xc8/v2.32/avr/bin/../lib/gcc/avr/5.4.0/avr5/memx-const\libgcc.a(_exit.o)
                              C:/Program Files/Microchip/MPLABX/v5.50/packs/Microchip/ATmega_DFP/2.3.126/xc8/avr/lib/avr5/memx-const/crtatmega32a.o (exit)
c:/program files/microchip/xc8/v2.32/avr/bin/../lib/gcc/avr/5.4.0/../../../../avr/lib/avr5/memx-const\libc.a(itoa_ncheck.o)
                              build/default/production/mLCD8.o (__itoa_ncheck)
c:/program files/microchip/xc8/v2.32/avr/bin/../lib/gcc/avr/5.4.0/../../../../avr/lib/avr5/memx-const\libc.a(utoa_ncheck.o)
                              c:/program files/microchip/xc8/v2.32/avr/bin/../lib/gcc/avr/5.4.0/../../../../avr/lib/avr5/memx-const\libc.a(itoa_ncheck.o) (__utoa_common)
c:/program files/microchip/xc8/v2.32/avr/bin/../lib/gcc/avr/5.4.0/../../../../avr/lib/avr5/memx-const\libc.a(strrev.o)
                              c:/program files/microchip/xc8/v2.32/avr/bin/../lib/gcc/avr/5.4.0/../../../../avr/lib/avr5/memx-const\libc.a(utoa_ncheck.o) (strrev)

Discarded input sections

 .data          0x0000000000000000        0x0 C:/Program Files/Microchip/MPLABX/v5.50/packs/Microchip/ATmega_DFP/2.3.126/xc8/avr/lib/avr5/memx-const/crtatmega32a.o
 .bss           0x0000000000000000        0x0 C:/Program Files/Microchip/MPLABX/v5.50/packs/Microchip/ATmega_DFP/2.3.126/xc8/avr/lib/avr5/memx-const/crtatmega32a.o
 .text          0x0000000000000000        0x0 build/default/production/main.o
 .data          0x0000000000000000        0x0 build/default/production/main.o
 .bss           0x0000000000000000        0x0 build/default/production/main.o
 .text.ADC_INT_EN
                0x0000000000000000        0x4 build/default/production/main.o
 .text          0x0000000000000000        0x0 build/default/production/mDIO.o
 .data          0x0000000000000000        0x0 build/default/production/mDIO.o
 .bss           0x0000000000000000        0x0 build/default/production/mDIO.o
 .text.setPORTA_PIN_DIR
                0x0000000000000000       0x42 build/default/production/mDIO.o
 .text.setPORTA_PIN
                0x0000000000000000       0x42 build/default/production/mDIO.o
 .text.readPORTA_PIN
                0x0000000000000000       0x18 build/default/production/mDIO.o
 .text.setPORTA_DIR
                0x0000000000000000       0x12 build/default/production/mDIO.o
 .text.setPORTA
                0x0000000000000000        0x4 build/default/production/mDIO.o
 .text.readPORTA
                0x0000000000000000        0x6 build/default/production/mDIO.o
 .text.setPORTB_PIN_DIR
                0x0000000000000000       0x42 build/default/production/mDIO.o
 .text.setPORTB_PIN
                0x0000000000000000       0x42 build/default/production/mDIO.o
 .text.readPORTB_PIN
                0x0000000000000000       0x18 build/default/production/mDIO.o
 .text.setPORTB_DIR
                0x0000000000000000       0x12 build/default/production/mDIO.o
 .text.setPORTB
                0x0000000000000000        0x4 build/default/production/mDIO.o
 .text.readPORTB
                0x0000000000000000        0x6 build/default/production/mDIO.o
 .text.setPORTC_PIN_DIR
                0x0000000000000000       0x42 build/default/production/mDIO.o
 .text.setPORTC_PIN
                0x0000000000000000       0x42 build/default/production/mDIO.o
 .text.readPORTC_PIN
                0x0000000000000000       0x18 build/default/production/mDIO.o
 .text.setPORTC_DIR
                0x0000000000000000       0x12 build/default/production/mDIO.o
 .text.setPORTC
                0x0000000000000000        0x4 build/default/production/mDIO.o
 .text.readPORTC
                0x0000000000000000        0x6 build/default/production/mDIO.o
 .text.setPORTD_PIN_DIR
                0x0000000000000000       0x42 build/default/production/mDIO.o
 .text.setPORTD_PIN
                0x0000000000000000       0x42 build/default/production/mDIO.o
 .text.readPORTD_PIN
                0x0000000000000000       0x18 build/default/production/mDIO.o
 .text.setPORTD_DIR
                0x0000000000000000       0x12 build/default/production/mDIO.o
 .text.setPORTD
                0x0000000000000000        0x4 build/default/production/mDIO.o
 .text.readPORTD
                0x0000000000000000        0x6 build/default/production/mDIO.o
 .debug_info    0x0000000000000000      0x6f2 build/default/production/mDIO.o
 .debug_abbrev  0x0000000000000000       0x9a build/default/production/mDIO.o
 .debug_loc     0x0000000000000000      0x5b0 build/default/production/mDIO.o
 .debug_aranges
                0x0000000000000000       0xd8 build/default/production/mDIO.o
 .debug_ranges  0x0000000000000000       0xc8 build/default/production/mDIO.o
 .debug_line    0x0000000000000000      0x38c build/default/production/mDIO.o
 .debug_str     0x0000000000000000       0x1e build/default/production/mDIO.o
 .comment       0x0000000000000000       0x30 build/default/production/mDIO.o
 .debug_frame   0x0000000000000000      0x194 build/default/production/mDIO.o
 .text          0x0000000000000000        0x0 build/default/production/mLEDS.o
 .data          0x0000000000000000        0x0 build/default/production/mLEDS.o
 .bss           0x0000000000000000        0x0 build/default/production/mLEDS.o
 .text.init_LEDs
                0x0000000000000000       0x26 build/default/production/mLEDS.o
 .text.LED0_ON  0x0000000000000000        0xe build/default/production/mLEDS.o
 .text.LED0_OFF
                0x0000000000000000        0xe build/default/production/mLEDS.o
 .text.LED0_TOGGLE
                0x0000000000000000        0xa build/default/production/mLEDS.o
 .text.LED1_ON  0x0000000000000000        0xe build/default/production/mLEDS.o
 .text.LED1_OFF
                0x0000000000000000        0xe build/default/production/mLEDS.o
 .text.LED2_ON  0x0000000000000000        0xe build/default/production/mLEDS.o
 .text.LED2_OFF
                0x0000000000000000        0xe build/default/production/mLEDS.o
 .debug_info    0x0000000000000000      0x441 build/default/production/mLEDS.o
 .debug_abbrev  0x0000000000000000       0x92 build/default/production/mLEDS.o
 .debug_aranges
                0x0000000000000000       0x58 build/default/production/mLEDS.o
 .debug_ranges  0x0000000000000000       0x48 build/default/production/mLEDS.o
 .debug_line    0x0000000000000000      0x12a build/default/production/mLEDS.o
 .debug_str     0x0000000000000000       0x3c build/default/production/mLEDS.o
 .comment       0x0000000000000000       0x30 build/default/production/mLEDS.o
 .debug_frame   0x0000000000000000       0x94 build/default/production/mLEDS.o
 .text          0x0000000000000000        0x0 build/default/production/mBUZZ.o
 .data          0x0000000000000000        0x0 build/default/production/mBUZZ.o
 .bss           0x0000000000000000        0x0 build/default/production/mBUZZ.o
 .text.init_BUZZER
                0x0000000000000000        0xe build/default/production/mBUZZ.o
 .text.BUZZER_ON
                0x0000000000000000        0xe build/default/production/mBUZZ.o
 .text.BUZZER_OFF
                0x0000000000000000        0xe build/default/production/mBUZZ.o
 .debug_info    0x0000000000000000      0x2d5 build/default/production/mBUZZ.o
 .debug_abbrev  0x0000000000000000       0x62 build/default/production/mBUZZ.o
 .debug_aranges
                0x0000000000000000       0x30 build/default/production/mBUZZ.o
 .debug_ranges  0x0000000000000000       0x20 build/default/production/mBUZZ.o
 .debug_line    0x0000000000000000       0x6d build/default/production/mBUZZ.o
 .debug_str     0x0000000000000000       0x1e build/default/production/mBUZZ.o
 .comment       0x0000000000000000       0x30 build/default/production/mBUZZ.o
 .debug_frame   0x0000000000000000       0x44 build/default/production/mBUZZ.o
 .text          0x0000000000000000        0x0 build/default/production/mRELAY.o
 .data          0x0000000000000000        0x0 build/default/production/mRELAY.o
 .bss           0x0000000000000000        0x0 build/default/production/mRELAY.o
 .text.init_RELAY
                0x0000000000000000        0xe build/default/production/mRELAY.o
 .text.RELAY_ON
                0x0000000000000000        0xe build/default/production/mRELAY.o
 .text.RELAY_OFF
                0x0000000000000000        0xe build/default/production/mRELAY.o
 .debug_info    0x0000000000000000      0x2d3 build/default/production/mRELAY.o
 .debug_abbrev  0x0000000000000000       0x62 build/default/production/mRELAY.o
 .debug_aranges
                0x0000000000000000       0x30 build/default/production/mRELAY.o
 .debug_ranges  0x0000000000000000       0x20 build/default/production/mRELAY.o
 .debug_line    0x0000000000000000       0x6e build/default/production/mRELAY.o
 .debug_str     0x0000000000000000       0x1e build/default/production/mRELAY.o
 .comment       0x0000000000000000       0x30 build/default/production/mRELAY.o
 .debug_frame   0x0000000000000000       0x44 build/default/production/mRELAY.o
 .text          0x0000000000000000        0x0 build/default/production/mBUTTON.o
 .data          0x0000000000000000        0x0 build/default/production/mBUTTON.o
 .bss           0x0000000000000000        0x0 build/default/production/mBUTTON.o
 .text.init_BUTTONs
                0x0000000000000000       0x26 build/default/production/mBUTTON.o
 .text.isPressed
                0x0000000000000000       0x22 build/default/production/mBUTTON.o
 .debug_info    0x0000000000000000      0x31b build/default/production/mBUTTON.o
 .debug_abbrev  0x0000000000000000       0xa5 build/default/production/mBUTTON.o
 .debug_loc     0x0000000000000000       0x53 build/default/production/mBUTTON.o
 .debug_aranges
                0x0000000000000000       0x28 build/default/production/mBUTTON.o
 .debug_ranges  0x0000000000000000       0x18 build/default/production/mBUTTON.o
 .debug_line    0x0000000000000000       0x7f build/default/production/mBUTTON.o
 .debug_str     0x0000000000000000       0x3e build/default/production/mBUTTON.o
 .comment       0x0000000000000000       0x30 build/default/production/mBUTTON.o
 .debug_frame   0x0000000000000000       0x34 build/default/production/mBUTTON.o
 .text          0x0000000000000000        0x0 build/default/production/mKeypad.o
 .data          0x0000000000000000        0x0 build/default/production/mKeypad.o
 .bss           0x0000000000000000        0x0 build/default/production/mKeypad.o
 .text.init_Keypad
                0x0000000000000000        0xa build/default/production/mKeypad.o
 .text.getKey   0x0000000000000000      0x12e build/default/production/mKeypad.o
 .debug_info    0x0000000000000000      0x4a4 build/default/production/mKeypad.o
 .debug_abbrev  0x0000000000000000       0xe4 build/default/production/mKeypad.o
 .debug_loc     0x0000000000000000      0x28f build/default/production/mKeypad.o
 .debug_aranges
                0x0000000000000000       0x28 build/default/production/mKeypad.o
 .debug_ranges  0x0000000000000000       0x18 build/default/production/mKeypad.o
 .debug_line    0x0000000000000000      0x22e build/default/production/mKeypad.o
 .debug_str     0x0000000000000000        0x0 build/default/production/mKeypad.o
 .comment       0x0000000000000000       0x30 build/default/production/mKeypad.o
 .debug_frame   0x0000000000000000       0x34 build/default/production/mKeypad.o
 .text          0x0000000000000000        0x0 build/default/production/m7SEG.o
 .data          0x0000000000000000        0x0 build/default/production/m7SEG.o
 .bss           0x0000000000000000        0x0 build/default/production/m7SEG.o
 .text.init_7SEG
                0x0000000000000000       0x10 build/default/production/m7SEG.o
 .text.set_7SEG_L
                0x0000000000000000       0x2a build/default/production/m7SEG.o
 .text.set_7SEG_R
                0x0000000000000000       0x2a build/default/production/m7SEG.o
 .text.set_7SEG_DIP
                0x0000000000000000       0x10 build/default/production/m7SEG.o
 .debug_info    0x0000000000000000      0x3a7 build/default/production/m7SEG.o
 .debug_abbrev  0x0000000000000000       0xe2 build/default/production/m7SEG.o
 .debug_loc     0x0000000000000000       0xd8 build/default/production/m7SEG.o
 .debug_aranges
                0x0000000000000000       0x38 build/default/production/m7SEG.o
 .debug_ranges  0x0000000000000000       0x28 build/default/production/m7SEG.o
 .debug_line    0x0000000000000000      0x15b build/default/production/m7SEG.o
 .debug_str     0x0000000000000000        0x0 build/default/production/m7SEG.o
 .comment       0x0000000000000000       0x30 build/default/production/m7SEG.o
 .debug_frame   0x0000000000000000       0x54 build/default/production/m7SEG.o
 .text          0x0000000000000000        0x0 build/default/production/mLCD8.o
 .data          0x0000000000000000        0x0 build/default/production/mLCD8.o
 .bss           0x0000000000000000        0x0 build/default/production/mLCD8.o
 .text.LCD_en   0x0000000000000000       0x12 build/default/production/mLCD8.o
 .text.LCD_cmd  0x0000000000000000        0xa build/default/production/mLCD8.o
 .text.LCD_data
                0x0000000000000000        0xa build/default/production/mLCD8.o
 .text.LCD_clear
                0x0000000000000000       0x14 build/default/production/mLCD8.o
 .text.init_LCD
                0x0000000000000000       0x6c build/default/production/mLCD8.o
 .text.LCD_str  0x0000000000000000       0x1e build/default/production/mLCD8.o
 .text.LCD_num  0x0000000000000000       0x3a build/default/production/mLCD8.o
 .debug_info    0x0000000000000000      0x70c build/default/production/mLCD8.o
 .debug_abbrev  0x0000000000000000      0x1f3 build/default/production/mLCD8.o
 .debug_loc     0x0000000000000000      0x322 build/default/production/mLCD8.o
 .debug_aranges
                0x0000000000000000       0x50 build/default/production/mLCD8.o
 .debug_ranges  0x0000000000000000       0x40 build/default/production/mLCD8.o
 .debug_line    0x0000000000000000      0x215 build/default/production/mLCD8.o
 .debug_str     0x0000000000000000       0x34 build/default/production/mLCD8.o
 .comment       0x0000000000000000       0x30 build/default/production/mLCD8.o
 .debug_frame   0x0000000000000000       0xa0 build/default/production/mLCD8.o
 .text          0x0000000000000000        0x0 build/default/production/mLCD.o
 .data          0x0000000000000000        0x0 build/default/production/mLCD.o
 .bss           0x0000000000000000        0x0 build/default/production/mLCD.o
 .text          0x0000000000000000        0x0 build/default/production/mINT.o
 .data          0x0000000000000000        0x0 build/default/production/mINT.o
 .bss           0x0000000000000000        0x0 build/default/production/mINT.o
 .text.INT0_selectMODE
                0x0000000000000000        0x8 build/default/production/mINT.o
 .text.INT1_selectMODE
                0x0000000000000000       0x10 build/default/production/mINT.o
 .text.INT0_enable
                0x0000000000000000        0x8 build/default/production/mINT.o
 .text.init_INT0
                0x0000000000000000        0xa build/default/production/mINT.o
 .text.INT1_enable
                0x0000000000000000        0x8 build/default/production/mINT.o
 .text.init_INT1
                0x0000000000000000        0xa build/default/production/mINT.o
 .text.INT2_enable
                0x0000000000000000        0x8 build/default/production/mINT.o
 .text.INT0_disable
                0x0000000000000000        0x8 build/default/production/mINT.o
 .text.INT1_disable
                0x0000000000000000        0x8 build/default/production/mINT.o
 .text.INT2_disable
                0x0000000000000000        0x8 build/default/production/mINT.o
 .debug_info    0x0000000000000000      0x3c1 build/default/production/mINT.o
 .debug_abbrev  0x0000000000000000       0x91 build/default/production/mINT.o
 .debug_loc     0x0000000000000000       0x98 build/default/production/mINT.o
 .debug_aranges
                0x0000000000000000       0x68 build/default/production/mINT.o
 .debug_ranges  0x0000000000000000       0x58 build/default/production/mINT.o
 .debug_line    0x0000000000000000      0x14b build/default/production/mINT.o
 .debug_str     0x0000000000000000        0x9 build/default/production/mINT.o
 .comment       0x0000000000000000       0x30 build/default/production/mINT.o
 .debug_frame   0x0000000000000000       0xb4 build/default/production/mINT.o
 .text          0x0000000000000000        0x0 c:/program files/microchip/xc8/v2.32/avr/bin/../lib/gcc/avr/5.4.0/../../../../avr/lib/avr5/memx-const\libm.a(fixsfsi.o)
 .data          0x0000000000000000        0x0 c:/program files/microchip/xc8/v2.32/avr/bin/../lib/gcc/avr/5.4.0/../../../../avr/lib/avr5/memx-const\libm.a(fixsfsi.o)
 .bss           0x0000000000000000        0x0 c:/program files/microchip/xc8/v2.32/avr/bin/../lib/gcc/avr/5.4.0/../../../../avr/lib/avr5/memx-const\libm.a(fixsfsi.o)
 .stack.descriptors
                0x0000000000000000       0x17 c:/program files/microchip/xc8/v2.32/avr/bin/../lib/gcc/avr/5.4.0/../../../../avr/lib/avr5/memx-const\libm.a(fixsfsi.o)
 .text          0x0000000000000000        0x0 c:/program files/microchip/xc8/v2.32/avr/bin/../lib/gcc/avr/5.4.0/../../../../avr/lib/avr5/memx-const\libm.a(fixunssfsi.o)
 .data          0x0000000000000000        0x0 c:/program files/microchip/xc8/v2.32/avr/bin/../lib/gcc/avr/5.4.0/../../../../avr/lib/avr5/memx-const\libm.a(fixunssfsi.o)
 .bss           0x0000000000000000        0x0 c:/program files/microchip/xc8/v2.32/avr/bin/../lib/gcc/avr/5.4.0/../../../../avr/lib/avr5/memx-const\libm.a(fixunssfsi.o)
 .stack.descriptors
                0x0000000000000000       0x1a c:/program files/microchip/xc8/v2.32/avr/bin/../lib/gcc/avr/5.4.0/../../../../avr/lib/avr5/memx-const\libm.a(fixunssfsi.o)
 .text          0x0000000000000000        0x0 c:/program files/microchip/xc8/v2.32/avr/bin/../lib/gcc/avr/5.4.0/../../../../avr/lib/avr5/memx-const\libm.a(floatsisf.o)
 .data          0x0000000000000000        0x0 c:/program files/microchip/xc8/v2.32/avr/bin/../lib/gcc/avr/5.4.0/../../../../avr/lib/avr5/memx-const\libm.a(floatsisf.o)
 .bss           0x0000000000000000        0x0 c:/program files/microchip/xc8/v2.32/avr/bin/../lib/gcc/avr/5.4.0/../../../../avr/lib/avr5/memx-const\libm.a(floatsisf.o)
 .stack.descriptors
                0x0000000000000000       0x34 c:/program files/microchip/xc8/v2.32/avr/bin/../lib/gcc/avr/5.4.0/../../../../avr/lib/avr5/memx-const\libm.a(floatsisf.o)
 .text          0x0000000000000000        0x0 c:/program files/microchip/xc8/v2.32/avr/bin/../lib/gcc/avr/5.4.0/../../../../avr/lib/avr5/memx-const\libm.a(fp_split3.o)
 .data          0x0000000000000000        0x0 c:/program files/microchip/xc8/v2.32/avr/bin/../lib/gcc/avr/5.4.0/../../../../avr/lib/avr5/memx-const\libm.a(fp_split3.o)
 .bss           0x0000000000000000        0x0 c:/program files/microchip/xc8/v2.32/avr/bin/../lib/gcc/avr/5.4.0/../../../../avr/lib/avr5/memx-const\libm.a(fp_split3.o)
 .stack.descriptors
                0x0000000000000000       0x32 c:/program files/microchip/xc8/v2.32/avr/bin/../lib/gcc/avr/5.4.0/../../../../avr/lib/avr5/memx-const\libm.a(fp_split3.o)
 .text          0x0000000000000000        0x0 c:/program files/microchip/xc8/v2.32/avr/bin/../lib/gcc/avr/5.4.0/../../../../avr/lib/avr5/memx-const\libm.a(fp_zero.o)
 .data          0x0000000000000000        0x0 c:/program files/microchip/xc8/v2.32/avr/bin/../lib/gcc/avr/5.4.0/../../../../avr/lib/avr5/memx-const\libm.a(fp_zero.o)
 .bss           0x0000000000000000        0x0 c:/program files/microchip/xc8/v2.32/avr/bin/../lib/gcc/avr/5.4.0/../../../../avr/lib/avr5/memx-const\libm.a(fp_zero.o)
 .stack.descriptors
                0x0000000000000000       0x2f c:/program files/microchip/xc8/v2.32/avr/bin/../lib/gcc/avr/5.4.0/../../../../avr/lib/avr5/memx-const\libm.a(fp_zero.o)
 .text          0x0000000000000000        0x0 c:/program files/microchip/xc8/v2.32/avr/bin/../lib/gcc/avr/5.4.0/../../../../avr/lib/avr5/memx-const\libm.a(mulsf3.o)
 .data          0x0000000000000000        0x0 c:/program files/microchip/xc8/v2.32/avr/bin/../lib/gcc/avr/5.4.0/../../../../avr/lib/avr5/memx-const\libm.a(mulsf3.o)
 .bss           0x0000000000000000        0x0 c:/program files/microchip/xc8/v2.32/avr/bin/../lib/gcc/avr/5.4.0/../../../../avr/lib/avr5/memx-const\libm.a(mulsf3.o)
 .stack.descriptors
                0x0000000000000000       0x16 c:/program files/microchip/xc8/v2.32/avr/bin/../lib/gcc/avr/5.4.0/../../../../avr/lib/avr5/memx-const\libm.a(mulsf3.o)
 .text          0x0000000000000000        0x0 c:/program files/microchip/xc8/v2.32/avr/bin/../lib/gcc/avr/5.4.0/../../../../avr/lib/avr5/memx-const\libm.a(mulsf3x.o)
 .data          0x0000000000000000        0x0 c:/program files/microchip/xc8/v2.32/avr/bin/../lib/gcc/avr/5.4.0/../../../../avr/lib/avr5/memx-const\libm.a(mulsf3x.o)
 .bss           0x0000000000000000        0x0 c:/program files/microchip/xc8/v2.32/avr/bin/../lib/gcc/avr/5.4.0/../../../../avr/lib/avr5/memx-const\libm.a(mulsf3x.o)
 .stack.descriptors
                0x0000000000000000       0x31 c:/program files/microchip/xc8/v2.32/avr/bin/../lib/gcc/avr/5.4.0/../../../../avr/lib/avr5/memx-const\libm.a(mulsf3x.o)
 .text          0x0000000000000000        0x0 c:/program files/microchip/xc8/v2.32/avr/bin/../lib/gcc/avr/5.4.0/../../../../avr/lib/avr5/memx-const\libm.a(fp_inf.o)
 .data          0x0000000000000000        0x0 c:/program files/microchip/xc8/v2.32/avr/bin/../lib/gcc/avr/5.4.0/../../../../avr/lib/avr5/memx-const\libm.a(fp_inf.o)
 .bss           0x0000000000000000        0x0 c:/program files/microchip/xc8/v2.32/avr/bin/../lib/gcc/avr/5.4.0/../../../../avr/lib/avr5/memx-const\libm.a(fp_inf.o)
 .stack.descriptors
                0x0000000000000000       0x16 c:/program files/microchip/xc8/v2.32/avr/bin/../lib/gcc/avr/5.4.0/../../../../avr/lib/avr5/memx-const\libm.a(fp_inf.o)
 .text          0x0000000000000000        0x0 c:/program files/microchip/xc8/v2.32/avr/bin/../lib/gcc/avr/5.4.0/../../../../avr/lib/avr5/memx-const\libm.a(fp_nan.o)
 .data          0x0000000000000000        0x0 c:/program files/microchip/xc8/v2.32/avr/bin/../lib/gcc/avr/5.4.0/../../../../avr/lib/avr5/memx-const\libm.a(fp_nan.o)
 .bss           0x0000000000000000        0x0 c:/program files/microchip/xc8/v2.32/avr/bin/../lib/gcc/avr/5.4.0/../../../../avr/lib/avr5/memx-const\libm.a(fp_nan.o)
 .stack.descriptors
                0x0000000000000000       0x16 c:/program files/microchip/xc8/v2.32/avr/bin/../lib/gcc/avr/5.4.0/../../../../avr/lib/avr5/memx-const\libm.a(fp_nan.o)
 .text          0x0000000000000000        0x0 c:/program files/microchip/xc8/v2.32/avr/bin/../lib/gcc/avr/5.4.0/../../../../avr/lib/avr5/memx-const\libm.a(fp_pscA.o)
 .data          0x0000000000000000        0x0 c:/program files/microchip/xc8/v2.32/avr/bin/../lib/gcc/avr/5.4.0/../../../../avr/lib/avr5/memx-const\libm.a(fp_pscA.o)
 .bss           0x0000000000000000        0x0 c:/program files/microchip/xc8/v2.32/avr/bin/../lib/gcc/avr/5.4.0/../../../../avr/lib/avr5/memx-const\libm.a(fp_pscA.o)
 .stack.descriptors
                0x0000000000000000       0x17 c:/program files/microchip/xc8/v2.32/avr/bin/../lib/gcc/avr/5.4.0/../../../../avr/lib/avr5/memx-const\libm.a(fp_pscA.o)
 .text          0x0000000000000000        0x0 c:/program files/microchip/xc8/v2.32/avr/bin/../lib/gcc/avr/5.4.0/../../../../avr/lib/avr5/memx-const\libm.a(fp_pscB.o)
 .data          0x0000000000000000        0x0 c:/program files/microchip/xc8/v2.32/avr/bin/../lib/gcc/avr/5.4.0/../../../../avr/lib/avr5/memx-const\libm.a(fp_pscB.o)
 .bss           0x0000000000000000        0x0 c:/program files/microchip/xc8/v2.32/avr/bin/../lib/gcc/avr/5.4.0/../../../../avr/lib/avr5/memx-const\libm.a(fp_pscB.o)
 .stack.descriptors
                0x0000000000000000       0x17 c:/program files/microchip/xc8/v2.32/avr/bin/../lib/gcc/avr/5.4.0/../../../../avr/lib/avr5/memx-const\libm.a(fp_pscB.o)
 .text          0x0000000000000000        0x0 c:/program files/microchip/xc8/v2.32/avr/bin/../lib/gcc/avr/5.4.0/../../../../avr/lib/avr5/memx-const\libm.a(fp_round.o)
 .data          0x0000000000000000        0x0 c:/program files/microchip/xc8/v2.32/avr/bin/../lib/gcc/avr/5.4.0/../../../../avr/lib/avr5/memx-const\libm.a(fp_round.o)
 .bss           0x0000000000000000        0x0 c:/program files/microchip/xc8/v2.32/avr/bin/../lib/gcc/avr/5.4.0/../../../../avr/lib/avr5/memx-const\libm.a(fp_round.o)
 .stack.descriptors
                0x0000000000000000       0x18 c:/program files/microchip/xc8/v2.32/avr/bin/../lib/gcc/avr/5.4.0/../../../../avr/lib/avr5/memx-const\libm.a(fp_round.o)
 .text          0x0000000000000000        0x0 c:/program files/microchip/xc8/v2.32/avr/bin/../lib/gcc/avr/5.4.0/avr5/memx-const\libgcc.a(_exit.o)
 .data          0x0000000000000000        0x0 c:/program files/microchip/xc8/v2.32/avr/bin/../lib/gcc/avr/5.4.0/avr5/memx-const\libgcc.a(_exit.o)
 .bss           0x0000000000000000        0x0 c:/program files/microchip/xc8/v2.32/avr/bin/../lib/gcc/avr/5.4.0/avr5/memx-const\libgcc.a(_exit.o)
 .text.libgcc.mul
                0x0000000000000000        0x0 c:/program files/microchip/xc8/v2.32/avr/bin/../lib/gcc/avr/5.4.0/avr5/memx-const\libgcc.a(_exit.o)
 .text.libgcc.div
                0x0000000000000000        0x0 c:/program files/microchip/xc8/v2.32/avr/bin/../lib/gcc/avr/5.4.0/avr5/memx-const\libgcc.a(_exit.o)
 .text.libgcc   0x0000000000000000        0x0 c:/program files/microchip/xc8/v2.32/avr/bin/../lib/gcc/avr/5.4.0/avr5/memx-const\libgcc.a(_exit.o)
 .text.libgcc.prologue
                0x0000000000000000        0x0 c:/program files/microchip/xc8/v2.32/avr/bin/../lib/gcc/avr/5.4.0/avr5/memx-const\libgcc.a(_exit.o)
 .stack.descriptors
                0x0000000000000000       0x13 c:/program files/microchip/xc8/v2.32/avr/bin/../lib/gcc/avr/5.4.0/avr5/memx-const\libgcc.a(_exit.o)
 .text.libgcc.builtins
                0x0000000000000000        0x0 c:/program files/microchip/xc8/v2.32/avr/bin/../lib/gcc/avr/5.4.0/avr5/memx-const\libgcc.a(_exit.o)
 .text.libgcc.fmul
                0x0000000000000000        0x0 c:/program files/microchip/xc8/v2.32/avr/bin/../lib/gcc/avr/5.4.0/avr5/memx-const\libgcc.a(_exit.o)
 .text.libgcc.fixed
                0x0000000000000000        0x0 c:/program files/microchip/xc8/v2.32/avr/bin/../lib/gcc/avr/5.4.0/avr5/memx-const\libgcc.a(_exit.o)
 .text          0x0000000000000000        0x0 c:/program files/microchip/xc8/v2.32/avr/bin/../lib/gcc/avr/5.4.0/../../../../avr/lib/avr5/memx-const\libc.a(itoa_ncheck.o)
 .data          0x0000000000000000        0x0 c:/program files/microchip/xc8/v2.32/avr/bin/../lib/gcc/avr/5.4.0/../../../../avr/lib/avr5/memx-const\libc.a(itoa_ncheck.o)
 .bss           0x0000000000000000        0x0 c:/program files/microchip/xc8/v2.32/avr/bin/../lib/gcc/avr/5.4.0/../../../../avr/lib/avr5/memx-const\libc.a(itoa_ncheck.o)
 .stack.descriptors
                0x0000000000000000       0x1b c:/program files/microchip/xc8/v2.32/avr/bin/../lib/gcc/avr/5.4.0/../../../../avr/lib/avr5/memx-const\libc.a(itoa_ncheck.o)
 .text          0x0000000000000000        0x0 c:/program files/microchip/xc8/v2.32/avr/bin/../lib/gcc/avr/5.4.0/../../../../avr/lib/avr5/memx-const\libc.a(utoa_ncheck.o)
 .data          0x0000000000000000        0x0 c:/program files/microchip/xc8/v2.32/avr/bin/../lib/gcc/avr/5.4.0/../../../../avr/lib/avr5/memx-const\libc.a(utoa_ncheck.o)
 .bss           0x0000000000000000        0x0 c:/program files/microchip/xc8/v2.32/avr/bin/../lib/gcc/avr/5.4.0/../../../../avr/lib/avr5/memx-const\libc.a(utoa_ncheck.o)
 .stack.descriptors
                0x0000000000000000       0x36 c:/program files/microchip/xc8/v2.32/avr/bin/../lib/gcc/avr/5.4.0/../../../../avr/lib/avr5/memx-const\libc.a(utoa_ncheck.o)
 .text          0x0000000000000000        0x0 c:/program files/microchip/xc8/v2.32/avr/bin/../lib/gcc/avr/5.4.0/../../../../avr/lib/avr5/memx-const\libc.a(strrev.o)
 .data          0x0000000000000000        0x0 c:/program files/microchip/xc8/v2.32/avr/bin/../lib/gcc/avr/5.4.0/../../../../avr/lib/avr5/memx-const\libc.a(strrev.o)
 .bss           0x0000000000000000        0x0 c:/program files/microchip/xc8/v2.32/avr/bin/../lib/gcc/avr/5.4.0/../../../../avr/lib/avr5/memx-const\libc.a(strrev.o)
 .stack.descriptors
                0x0000000000000000       0x14 c:/program files/microchip/xc8/v2.32/avr/bin/../lib/gcc/avr/5.4.0/../../../../avr/lib/avr5/memx-const\libc.a(strrev.o)

Memory Configuration

Name             Origin             Length             Attributes
text             0x0000000000000000 0x0000000000008000 xr
data             0x0000000000800060 0x0000000000000800 rw !x
eeprom           0x0000000000810000 0x0000000000000400 rw !x
fuse             0x0000000000820000 0x0000000000000002 rw !x
lock             0x0000000000830000 0x0000000000000400 rw !x
signature        0x0000000000840000 0x0000000000000400 rw !x
user_signatures  0x0000000000850000 0x0000000000000400 rw !x
*default*        0x0000000000000000 0xffffffffffffffff

Linker script and memory map

LOAD C:/Program Files/Microchip/MPLABX/v5.50/packs/Microchip/ATmega_DFP/2.3.126/xc8/avr/lib/avr5/memx-const/crtatmega32a.o
                0x0000000000000001                __MPLAB_BUILD = 0x1
LOAD build/default/production/main.o
LOAD build/default/production/mDIO.o
LOAD build/default/production/mLEDS.o
LOAD build/default/production/mBUZZ.o
LOAD build/default/production/mRELAY.o
LOAD build/default/production/mBUTTON.o
LOAD build/default/production/mKeypad.o
LOAD build/default/production/m7SEG.o
LOAD build/default/production/mLCD8.o
LOAD build/default/production/mLCD.o
LOAD build/default/production/mINT.o
START GROUP
LOAD c:/program files/microchip/xc8/v2.32/avr/bin/../lib/gcc/avr/5.4.0/../../../../avr/lib/avr5/memx-const\libm.a
END GROUP
START GROUP
LOAD c:/program files/microchip/xc8/v2.32/avr/bin/../lib/gcc/avr/5.4.0/avr5/memx-const\libgcc.a
LOAD c:/program files/microchip/xc8/v2.32/avr/bin/../lib/gcc/avr/5.4.0/../../../../avr/lib/avr5/memx-const\libm.a
LOAD c:/program files/microchip/xc8/v2.32/avr/bin/../lib/gcc/avr/5.4.0/../../../../avr/lib/avr5/memx-const\libc.a
LOAD C:/Program Files/Microchip/MPLABX/v5.50/packs/Microchip/ATmega_DFP/2.3.126/xc8/avr/lib/avr5/memx-const\libatmega32a.a
END GROUP
                [0x0000000000000000]                __TEXT_REGION_ORIGIN__ = DEFINED (__TEXT_REGION_ORIGIN__)?__TEXT_REGION_ORIGIN__:0x0
                [0x0000000000800060]                __DATA_REGION_ORIGIN__ = DEFINED (__DATA_REGION_ORIGIN__)?__DATA_REGION_ORIGIN__:0x800060
                [0x0000000000008000]                __TEXT_REGION_LENGTH__ = DEFINED (__TEXT_REGION_LENGTH__)?__TEXT_REGION_LENGTH__:0x20000
                [0x0000000000000800]                __DATA_REGION_LENGTH__ = DEFINED (__DATA_REGION_LENGTH__)?__DATA_REGION_LENGTH__:0xffa0
                [0x0000000000000400]                __EEPROM_REGION_LENGTH__ = DEFINED (__EEPROM_REGION_LENGTH__)?__EEPROM_REGION_LENGTH__:0x10000
                [0x0000000000000002]                __FUSE_REGION_LENGTH__ = DEFINED (__FUSE_REGION_LENGTH__)?__FUSE_REGION_LENGTH__:0x400
                0x0000000000000400                __LOCK_REGION_LENGTH__ = DEFINED (__LOCK_REGION_LENGTH__)?__LOCK_REGION_LENGTH__:0x400
                0x0000000000000400                __SIGNATURE_REGION_LENGTH__ = DEFINED (__SIGNATURE_REGION_LENGTH__)?__SIGNATURE_REGION_LENGTH__:0x400
                0x0000000000000400                __USER_SIGNATURE_REGION_LENGTH__ = DEFINED (__USER_SIGNATURE_REGION_LENGTH__)?__USER_SIGNATURE_REGION_LENGTH__:0x400

.hash
 *(.hash)

.dynsym
 *(.dynsym)

.dynstr
 *(.dynstr)

.gnu.version
 *(.gnu.version)

.gnu.version_d
 *(.gnu.version_d)

.gnu.version_r
 *(.gnu.version_r)

.rel.init
 *(.rel.init)

.rela.init
 *(.rela.init)

.rel.text
 *(.rel.text)
 *(.rel.text.*)
 *(.rel.gnu.linkonce.t*)

.rela.text
 *(.rela.text)
 *(.rela.text.*)
 *(.rela.gnu.linkonce.t*)

.rel.fini
 *(.rel.fini)

.rela.fini
 *(.rela.fini)

.rel.rodata
 *(.rel.rodata)
 *(.rel.rodata.*)
 *(.rel.gnu.linkonce.r*)

.rela.rodata
 *(.rela.rodata)
 *(.rela.rodata.*)
 *(.rela.gnu.linkonce.r*)

.rel.data
 *(.rel.data)
 *(.rel.data.*)
 *(.rel.gnu.linkonce.d*)

.rela.data
 *(.rela.data)
 *(.rela.data.*)
 *(.rela.gnu.linkonce.d*)

.rel.ctors
 *(.rel.ctors)

.rela.ctors
 *(.rela.ctors)

.rel.dtors
 *(.rel.dtors)

.rela.dtors
 *(.rela.dtors)

.rel.got
 *(.rel.got)

.rela.got
 *(.rela.got)

.rel.bss
 *(.rel.bss)

.rela.bss
 *(.rela.bss)

.rel.plt
 *(.rel.plt)

.rela.plt
 *(.rela.plt)

.text           0x0000000000000000       0x6c
 *(.vectors)
 .vectors       0x0000000000000000       0x54 C:/Program Files/Microchip/MPLABX/v5.50/packs/Microchip/ATmega_DFP/2.3.126/xc8/avr/lib/avr5/memx-const/crtatmega32a.o
                0x0000000000000000                __vector_default
                0x0000000000000000                __vectors
 *(.vectors)
 *(.progmem.gcc*)
 *(.dinit)
 .dinit         0x0000000000000054        0x0 data_init
                0x0000000000000054                . = ALIGN (0x2)
                0x0000000000000054                __trampolines_start = .
 *(.trampolines)
 .trampolines   0x0000000000000054        0x0 linker stubs
 *(.trampolines*)
                0x0000000000000054                __trampolines_end = .
 *libprintf_flt.a:*(.progmem.data)
 *libc.a:*(.progmem.data)
                0x0000000000000054                . = ALIGN (0x2)
 *(.jumptables)
 *(.jumptables*)
 *(.lowtext)
 *(.lowtext*)
                0x0000000000000054                __ctors_start = .
 *(.ctors)
                0x0000000000000054                __ctors_end = .
                0x0000000000000054                __dtors_start = .
 *(.dtors)
                0x0000000000000054                __dtors_end = .
 SORT(*)(.ctors)
 SORT(*)(.dtors)
 *(.init0)
 .init0         0x0000000000000054        0x0 C:/Program Files/Microchip/MPLABX/v5.50/packs/Microchip/ATmega_DFP/2.3.126/xc8/avr/lib/avr5/memx-const/crtatmega32a.o
                0x0000000000000054                __init
 *(.init0)
 *(.init1)
 *(.init1)
 *(.init2)
 .init2         0x0000000000000054        0xc C:/Program Files/Microchip/MPLABX/v5.50/packs/Microchip/ATmega_DFP/2.3.126/xc8/avr/lib/avr5/memx-const/crtatmega32a.o
 *(.init2)
 *(.init3)
 *(.init3)
 *(.init4)
 *(.init4)
 *(.init5)
 *(.init5)
 *(.init6)
 *(.init6)
 *(.init7)
 *(.init7)
 *(.init8)
 *(.init8)
 *(.init9)
 .init9         0x0000000000000060        0x8 C:/Program Files/Microchip/MPLABX/v5.50/packs/Microchip/ATmega_DFP/2.3.126/xc8/avr/lib/avr5/memx-const/crtatmega32a.o
 *(.init9)
                0x0000000000000068                . = ALIGN (0x2)
 *(.fini9)
 .fini9         0x0000000000000068        0x0 c:/program files/microchip/xc8/v2.32/avr/bin/../lib/gcc/avr/5.4.0/avr5/memx-const\libgcc.a(_exit.o)
                0x0000000000000068                _exit
                0x0000000000000068                exit
 *(.fini9)
 *(.fini8)
 *(.fini8)
 *(.fini7)
 *(.fini7)
 *(.fini6)
 *(.fini6)
 *(.fini5)
 *(.fini5)
 *(.fini4)
 *(.fini4)
 *(.fini3)
 *(.fini3)
 *(.fini2)
 *(.fini2)
 *(.fini1)
 *(.fini1)
 *(.fini0)
 .fini0         0x0000000000000068        0x4 c:/program files/microchip/xc8/v2.32/avr/bin/../lib/gcc/avr/5.4.0/avr5/memx-const\libgcc.a(_exit.o)
 *(.fini0)
                0x000000000000006c                _etext = .

.data           0x0000000000800060        0x0 load address 0x000000000000006c
                [!provide]                        PROVIDE (__data_start, .)
 *(.gnu.linkonce.d*)
 *(.gnu.linkonce.r*)
                0x0000000000800060                . = ALIGN (0x2)
                0x0000000000800060                _edata = .
                [!provide]                        PROVIDE (__data_end, .)

.bss            0x0000000000800060        0x0
                [!provide]                        PROVIDE (__bss_start, .)
 *(COMMON)
                [!provide]                        PROVIDE (__bss_end, .)
                0x000000000000006c                __data_load_start = LOADADDR (.data)
                0x000000000000006c                __data_load_end = (__data_load_start + SIZEOF (.data))

.noinit         0x0000000000800060        0x0
                [!provide]                        PROVIDE (__noinit_start, .)
 *(.noinit*)
                [!provide]                        PROVIDE (__noinit_end, .)
                0x0000000000800060                _end = .

.eeprom         0x0000000000810000        0x0
 *(.eeprom*)
                0x0000000000810000                __eeprom_end = .

.fuse
 *(.fuse)
 *(.lfuse)
 *(.hfuse)
 *(.efuse)

.lock
 *(.lock*)

.signature
 *(.signature*)

.user_signatures
 *(.user_signatures*)

.stab
 *(.stab)

.stabstr
 *(.stabstr)

.stab.excl
 *(.stab.excl)

.stab.exclstr
 *(.stab.exclstr)

.stab.index
 *(.stab.index)

.stab.indexstr
 *(.stab.indexstr)

.comment        0x0000000000000000       0x2f
 *(.comment)
 .comment       0x0000000000000000       0x2f build/default/production/main.o
                                         0x30 (size before relaxing)
 .comment       0x000000000000002f       0x30 build/default/production/mLCD.o

.stack.descriptors.hdr
                0x0000000000000000       0xe0
 .stack.descriptors.hdr
                0x0000000000000000        0xe c:/program files/microchip/xc8/v2.32/avr/bin/../lib/gcc/avr/5.4.0/../../../../avr/lib/avr5/memx-const\libm.a(fixsfsi.o)
 .stack.descriptors.hdr
                0x000000000000000e        0xe c:/program files/microchip/xc8/v2.32/avr/bin/../lib/gcc/avr/5.4.0/../../../../avr/lib/avr5/memx-const\libm.a(fixunssfsi.o)
 .stack.descriptors.hdr
                0x000000000000001c        0xe c:/program files/microchip/xc8/v2.32/avr/bin/../lib/gcc/avr/5.4.0/../../../../avr/lib/avr5/memx-const\libm.a(floatsisf.o)
 .stack.descriptors.hdr
                0x000000000000002a        0xe c:/program files/microchip/xc8/v2.32/avr/bin/../lib/gcc/avr/5.4.0/../../../../avr/lib/avr5/memx-const\libm.a(fp_split3.o)
 .stack.descriptors.hdr
                0x0000000000000038        0xe c:/program files/microchip/xc8/v2.32/avr/bin/../lib/gcc/avr/5.4.0/../../../../avr/lib/avr5/memx-const\libm.a(fp_zero.o)
 .stack.descriptors.hdr
                0x0000000000000046        0xe c:/program files/microchip/xc8/v2.32/avr/bin/../lib/gcc/avr/5.4.0/../../../../avr/lib/avr5/memx-const\libm.a(mulsf3.o)
 .stack.descriptors.hdr
                0x0000000000000054        0xe c:/program files/microchip/xc8/v2.32/avr/bin/../lib/gcc/avr/5.4.0/../../../../avr/lib/avr5/memx-const\libm.a(mulsf3x.o)
 .stack.descriptors.hdr
                0x0000000000000062        0xe c:/program files/microchip/xc8/v2.32/avr/bin/../lib/gcc/avr/5.4.0/../../../../avr/lib/avr5/memx-const\libm.a(fp_inf.o)
 .stack.descriptors.hdr
                0x0000000000000070        0xe c:/program files/microchip/xc8/v2.32/avr/bin/../lib/gcc/avr/5.4.0/../../../../avr/lib/avr5/memx-const\libm.a(fp_nan.o)
 .stack.descriptors.hdr
                0x000000000000007e        0xe c:/program files/microchip/xc8/v2.32/avr/bin/../lib/gcc/avr/5.4.0/../../../../avr/lib/avr5/memx-const\libm.a(fp_pscA.o)
 .stack.descriptors.hdr
                0x000000000000008c        0xe c:/program files/microchip/xc8/v2.32/avr/bin/../lib/gcc/avr/5.4.0/../../../../avr/lib/avr5/memx-const\libm.a(fp_pscB.o)
 .stack.descriptors.hdr
                0x000000000000009a        0xe c:/program files/microchip/xc8/v2.32/avr/bin/../lib/gcc/avr/5.4.0/../../../../avr/lib/avr5/memx-const\libm.a(fp_round.o)
 .stack.descriptors.hdr
                0x00000000000000a8        0xe c:/program files/microchip/xc8/v2.32/avr/bin/../lib/gcc/avr/5.4.0/avr5/memx-const\libgcc.a(_exit.o)
 .stack.descriptors.hdr
                0x00000000000000b6        0xe c:/program files/microchip/xc8/v2.32/avr/bin/../lib/gcc/avr/5.4.0/../../../../avr/lib/avr5/memx-const\libc.a(itoa_ncheck.o)
 .stack.descriptors.hdr
                0x00000000000000c4        0xe c:/program files/microchip/xc8/v2.32/avr/bin/../lib/gcc/avr/5.4.0/../../../../avr/lib/avr5/memx-const\libc.a(utoa_ncheck.o)
 .stack.descriptors.hdr
                0x00000000000000d2        0xe c:/program files/microchip/xc8/v2.32/avr/bin/../lib/gcc/avr/5.4.0/../../../../avr/lib/avr5/memx-const\libc.a(strrev.o)

.note.gnu.build-id
 *(.note.gnu.build-id)

.debug
 *(.debug)

.line
 *(.line)

.debug_srcinfo
 *(.debug_srcinfo)

.debug_sfnames
 *(.debug_sfnames)

.debug_aranges  0x0000000000000000       0xb8
 *(.debug_aranges)
 .debug_aranges
                0x0000000000000000       0x60 build/default/production/main.o
 .debug_aranges
                0x0000000000000060       0x58 build/default/production/mLCD.o

.debug_pubnames
 *(.debug_pubnames)

.debug_info     0x0000000000000000     0x1287
 *(.debug_info .gnu.linkonce.wi.*)
 .debug_info    0x0000000000000000      0x4e6 C:/Program Files/Microchip/MPLABX/v5.50/packs/Microchip/ATmega_DFP/2.3.126/xc8/avr/lib/avr5/memx-const/crtatmega32a.o
 .debug_info    0x00000000000004e6      0x62d build/default/production/main.o
 .debug_info    0x0000000000000b13      0x774 build/default/production/mLCD.o

.debug_abbrev   0x0000000000000000      0x7e3
 *(.debug_abbrev)
 .debug_abbrev  0x0000000000000000      0x4a3 C:/Program Files/Microchip/MPLABX/v5.50/packs/Microchip/ATmega_DFP/2.3.126/xc8/avr/lib/avr5/memx-const/crtatmega32a.o
 .debug_abbrev  0x00000000000004a3      0x14d build/default/production/main.o
 .debug_abbrev  0x00000000000005f0      0x1f3 build/default/production/mLCD.o

.debug_line     0x0000000000000000      0x5dd
 *(.debug_line .debug_line.* .debug_line_end)
 .debug_line    0x0000000000000000      0x119 C:/Program Files/Microchip/MPLABX/v5.50/packs/Microchip/ATmega_DFP/2.3.126/xc8/avr/lib/avr5/memx-const/crtatmega32a.o
 .debug_line    0x0000000000000119      0x269 build/default/production/main.o
 .debug_line    0x0000000000000382      0x25b build/default/production/mLCD.o

.debug_frame    0x0000000000000000      0x178
 *(.debug_frame)
 .debug_frame   0x0000000000000000       0xb8 build/default/production/main.o
 .debug_frame   0x00000000000000b8       0xc0 build/default/production/mLCD.o

.debug_str      0x0000000000000000      0x1fc
 *(.debug_str)
 .debug_str     0x0000000000000000      0x196 C:/Program Files/Microchip/MPLABX/v5.50/packs/Microchip/ATmega_DFP/2.3.126/xc8/avr/lib/avr5/memx-const/crtatmega32a.o
 .debug_str     0x0000000000000196       0x32 build/default/production/main.o
 .debug_str     0x00000000000001c8       0x34 build/default/production/mLCD.o

.debug_loc      0x0000000000000000      0x516
 *(.debug_loc)
 .debug_loc     0x0000000000000000      0x156 build/default/production/main.o
 .debug_loc     0x0000000000000156      0x3c0 build/default/production/mLCD.o

.debug_macinfo
 *(.debug_macinfo)

.debug_weaknames
 *(.debug_weaknames)

.debug_funcnames
 *(.debug_funcnames)

.debug_typenames
 *(.debug_typenames)

.debug_varnames
 *(.debug_varnames)

.debug_pubtypes
 *(.debug_pubtypes)

.debug_ranges   0x0000000000000000       0x98
 *(.debug_ranges)
 .debug_ranges  0x0000000000000000       0x50 build/default/production/main.o
 .debug_ranges  0x0000000000000050       0x48 build/default/production/mLCD.o

.debug_macro
 *(.debug_macro)
OUTPUT(dist/default/production/Alex50_kit.X.production.elf elf32-avr)
LOAD linker stubs
LOAD data_init

.note.gnu.avr.deviceinfo
                0x0000000000000000       0x3c
 .note.gnu.avr.deviceinfo
                0x0000000000000000       0x3c C:/Program Files/Microchip/MPLABX/v5.50/packs/Microchip/ATmega_DFP/2.3.126/xc8/avr/lib/avr5/memx-const/crtatmega32a.o

.text.avrlibc.fplib
                0x000000000000006c       0xd4
 .text.avrlibc.fplib
                0x000000000000006c       0xd4 c:/program files/microchip/xc8/v2.32/avr/bin/../lib/gcc/avr/5.4.0/../../../../avr/lib/avr5/memx-const\libm.a(mulsf3x.o)
                0x000000000000006c                __mulsf3x
                0x0000000000000092                __mulsf3_pse

.text.main      0x0000000000000140       0xc4
 .text.main     0x0000000000000140       0xc4 build/default/production/main.o
                0x0000000000000140                main

.text.avrlibc.fplib
                0x0000000000000204       0x7a
 .text.avrlibc.fplib
                0x0000000000000204       0x7a c:/program files/microchip/xc8/v2.32/avr/bin/../lib/gcc/avr/5.4.0/../../../../avr/lib/avr5/memx-const\libm.a(floatsisf.o)
                0x0000000000000204                __floatunsisf
                0x0000000000000208                __floatsisf

.text.init_LCD4
                0x000000000000027e       0x6e
 .text.init_LCD4
                0x000000000000027e       0x6e build/default/production/mLCD.o
                0x000000000000027e                init_LCD4

.text.avrlibc.fplib
                0x00000000000002ec       0x5e
 .text.avrlibc.fplib
                0x00000000000002ec       0x5e c:/program files/microchip/xc8/v2.32/avr/bin/../lib/gcc/avr/5.4.0/../../../../avr/lib/avr5/memx-const\libm.a(fixunssfsi.o)
                0x00000000000002ec                __fixunssfsi

.text.avrlibc.fplib
                0x000000000000034a       0x44
 .text.avrlibc.fplib
                0x000000000000034a       0x44 c:/program files/microchip/xc8/v2.32/avr/bin/../lib/gcc/avr/5.4.0/../../../../avr/lib/avr5/memx-const\libm.a(fp_split3.o)
                0x000000000000034a                __fp_split3
                0x000000000000035a                __fp_splitA

.text.LCD4_num  0x000000000000038e       0x3a
 .text.LCD4_num
                0x000000000000038e       0x3a build/default/production/mLCD.o
                0x000000000000038e                LCD4_num

.text.avrlibc   0x00000000000003c8       0x34
 .text.avrlibc  0x00000000000003c8       0x34 c:/program files/microchip/xc8/v2.32/avr/bin/../lib/gcc/avr/5.4.0/../../../../avr/lib/avr5/memx-const\libc.a(utoa_ncheck.o)
                0x00000000000003c8                __utoa_ncheck
                0x00000000000003ca                __utoa_common

.text.LCD4_cmd  0x00000000000003fc       0x30
 .text.LCD4_cmd
                0x00000000000003fc       0x30 build/default/production/mLCD.o
                0x00000000000003fc                LCD4_cmd

.text.LCD4_data
                0x000000000000042c       0x30
 .text.LCD4_data
                0x000000000000042c       0x30 build/default/production/mLCD.o
                0x000000000000042c                LCD4_data

.text.init_ADC  0x000000000000045c       0x2c
 .text.init_ADC
                0x000000000000045c       0x2c build/default/production/main.o
                0x000000000000045c                init_ADC

.text.avrlibc.fplib
                0x0000000000000488       0x22
 .text.avrlibc.fplib
                0x0000000000000488       0x22 c:/program files/microchip/xc8/v2.32/avr/bin/../lib/gcc/avr/5.4.0/../../../../avr/lib/avr5/memx-const\libm.a(fp_round.o)
                0x0000000000000488                __fp_round

.text.avrlibc   0x00000000000004aa       0x20
 .text.avrlibc  0x00000000000004aa       0x20 c:/program files/microchip/xc8/v2.32/avr/bin/../lib/gcc/avr/5.4.0/../../../../avr/lib/avr5/memx-const\libc.a(strrev.o)
                0x00000000000004aa                strrev

.text.LCD4_str  0x00000000000004ca       0x1e
 .text.LCD4_str
                0x00000000000004ca       0x1e build/default/production/mLCD.o
                0x00000000000004ca                LCD4_str

.text.ADC_selectREF
                0x00000000000004e8       0x1a
 .text.ADC_selectREF
                0x00000000000004e8       0x1a build/default/production/main.o
                0x00000000000004e8                ADC_selectREF

.text.LCD4_goto
                0x0000000000000502       0x18
 .text.LCD4_goto
                0x0000000000000502       0x18 build/default/production/mLCD.o
                0x0000000000000502                LCD4_goto

.text.avrlibc   0x000000000000051a       0x16
 .text.avrlibc  0x000000000000051a       0x16 c:/program files/microchip/xc8/v2.32/avr/bin/../lib/gcc/avr/5.4.0/../../../../avr/lib/avr5/memx-const\libc.a(itoa_ncheck.o)
                0x000000000000051a                __itoa_ncheck

.text.LCD4_clear
                0x0000000000000530       0x14
 .text.LCD4_clear
                0x0000000000000530       0x14 build/default/production/mLCD.o
                0x0000000000000530                LCD4_clear

.text.LCD4_en   0x0000000000000544       0x12
 .text.LCD4_en  0x0000000000000544       0x12 build/default/production/mLCD.o
                0x0000000000000544                LCD4_en

.text.ADC_selectCH
                0x0000000000000556        0xe
 .text.ADC_selectCH
                0x0000000000000556        0xe build/default/production/main.o
                0x0000000000000556                ADC_selectCH

.text.avrlibc.fplib
                0x0000000000000564        0xe
 .text.avrlibc.fplib
                0x0000000000000564        0xe c:/program files/microchip/xc8/v2.32/avr/bin/../lib/gcc/avr/5.4.0/../../../../avr/lib/avr5/memx-const\libm.a(fixsfsi.o)
                0x0000000000000564                __fixsfsi

.text.avrlibc.fplib
                0x0000000000000572        0xe
 .text.avrlibc.fplib
                0x0000000000000572        0xe c:/program files/microchip/xc8/v2.32/avr/bin/../lib/gcc/avr/5.4.0/../../../../avr/lib/avr5/memx-const\libm.a(fp_zero.o)
                0x0000000000000572                __fp_zero
                0x0000000000000574                __fp_szero

.text.avrlibc.fplib
                0x0000000000000580        0xe
 .text.avrlibc.fplib
                0x0000000000000580        0xe c:/program files/microchip/xc8/v2.32/avr/bin/../lib/gcc/avr/5.4.0/../../../../avr/lib/avr5/memx-const\libm.a(fp_pscA.o)
                0x0000000000000580                __fp_pscA

.text.avrlibc.fplib
                0x000000000000058e        0xe
 .text.avrlibc.fplib
                0x000000000000058e        0xe c:/program files/microchip/xc8/v2.32/avr/bin/../lib/gcc/avr/5.4.0/../../../../avr/lib/avr5/memx-const\libm.a(fp_pscB.o)
                0x000000000000058e                __fp_pscB

.text.avrlibc.fplib
                0x000000000000059c        0xc
 .text.avrlibc.fplib
                0x000000000000059c        0xc c:/program files/microchip/xc8/v2.32/avr/bin/../lib/gcc/avr/5.4.0/../../../../avr/lib/avr5/memx-const\libm.a(fp_inf.o)
                0x000000000000059c                __fp_inf

.text.ADC_selectPS
                0x00000000000005a8        0x8
 .text.ADC_selectPS
                0x00000000000005a8        0x8 build/default/production/main.o
                0x00000000000005a8                ADC_selectPS

.text.avrlibc.fplib
                0x00000000000005b0        0x8
 .text.avrlibc.fplib
                0x00000000000005b0        0x8 c:/program files/microchip/xc8/v2.32/avr/bin/../lib/gcc/avr/5.4.0/../../../../avr/lib/avr5/memx-const\libm.a(mulsf3.o)
                0x00000000000005b0                __mulsf3

.text.ADC_wait  0x00000000000005b8        0x6
 .text.ADC_wait
                0x00000000000005b8        0x6 build/default/production/main.o
                0x00000000000005b8                ADC_wait

.text.avrlibc.fplib
                0x00000000000005be        0x6
 .text.avrlibc.fplib
                0x00000000000005be        0x6 c:/program files/microchip/xc8/v2.32/avr/bin/../lib/gcc/avr/5.4.0/../../../../avr/lib/avr5/memx-const\libm.a(fp_nan.o)
                0x00000000000005be                __fp_nan

.text           0x00000000000005c4        0x4
 .text          0x00000000000005c4        0x4 C:/Program Files/Microchip/MPLABX/v5.50/packs/Microchip/ATmega_DFP/2.3.126/xc8/avr/lib/avr5/memx-const/crtatmega32a.o
                0x00000000000005c4                __vector_1
                0x00000000000005c4                __vector_12
                0x00000000000005c4                __bad_interrupt
                0x00000000000005c4                __vector_6
                0x00000000000005c4                __vector_3
                0x00000000000005c4                __vector_11
                0x00000000000005c4                __vector_13
                0x00000000000005c4                __vector_17
                0x00000000000005c4                __vector_19
                0x00000000000005c4                __vector_7
                0x00000000000005c4                __vector_5
                0x00000000000005c4                __vector_4
                0x00000000000005c4                __vector_9
                0x00000000000005c4                __vector_2
                0x00000000000005c4                __vector_15
                0x00000000000005c4                __vector_8
                0x00000000000005c4                __vector_14
                0x00000000000005c4                __vector_10
                0x00000000000005c4                __vector_16
                0x00000000000005c4                __vector_18
                0x00000000000005c4                __vector_20

.text.ADC_EN    0x00000000000005c8        0x4
 .text.ADC_EN   0x00000000000005c8        0x4 build/default/production/main.o
                0x00000000000005c8                ADC_EN

.text.ADC_SC    0x00000000000005cc        0x4
 .text.ADC_SC   0x00000000000005cc        0x4 build/default/production/main.o
                0x00000000000005cc                ADC_SC
